// Jest Snapshot v1, https://goo.gl/fbAQLP

exports[`Api renders correctly 1`] = `
Object {
  "asFragment": [Function],
  "baseElement": <body>
    <div>
      <div
        class="makeStyles-root-1"
      >
        <ul
          aria-multiselectable="false"
          class="MuiTreeView-root"
          id="mui-25663"
          role="tree"
          tabindex="0"
        >
          <li
            aria-expanded="false"
            class="MuiTreeItem-root"
            id="mui-25663-ROOT.breakpoint"
            role="treeitem"
            tabindex="-1"
          >
            <div
              class="MuiTreeItem-content"
            >
              <div
                class="MuiTreeItem-iconContainer"
              >
                <svg
                  aria-hidden="true"
                  data-testid="ZepIconArrowChevronRightIcon"
                  focusable="false"
                  height="24"
                  viewBox="0 0 24 24"
                  width="24"
                >
                  <path
                    d="M14.74 12c0 .21-.07.42-.2.59l-.08.09-4.14 4.14a.62.62 0 01-.95-.8l.07-.09L13.37 12 9.44 8.07a.63.63 0 01-.07-.8l.07-.09a.63.63 0 01.8-.07l.08.07 4.14 4.14c.18.18.28.42.28.68z"
                    fill="currentColor"
                    fill-rule="evenodd"
                    transform="scale(Infinity, Infinity)"
                  />
                </svg>
              </div>
              <div
                class="MuiTreeItem-label"
              >
                breakpoint
                : 
                <span
                  class="token comment"
                >
                  Object
                </span>
              </div>
            </div>
          </li>
          <li
            aria-expanded="false"
            class="MuiTreeItem-root"
            id="mui-25663-ROOT.grid"
            role="treeitem"
            tabindex="-1"
          >
            <div
              class="MuiTreeItem-content"
            >
              <div
                class="MuiTreeItem-iconContainer"
              >
                <svg
                  aria-hidden="true"
                  data-testid="ZepIconArrowChevronRightIcon"
                  focusable="false"
                  height="24"
                  viewBox="0 0 24 24"
                  width="24"
                >
                  <path
                    d="M14.74 12c0 .21-.07.42-.2.59l-.08.09-4.14 4.14a.62.62 0 01-.95-.8l.07-.09L13.37 12 9.44 8.07a.63.63 0 01-.07-.8l.07-.09a.63.63 0 01.8-.07l.08.07 4.14 4.14c.18.18.28.42.28.68z"
                    fill="currentColor"
                    fill-rule="evenodd"
                    transform="scale(Infinity, Infinity)"
                  />
                </svg>
              </div>
              <div
                class="MuiTreeItem-label"
              >
                grid
                : 
                <span
                  class="token comment"
                >
                  Object
                </span>
              </div>
            </div>
          </li>
          <li
            aria-expanded="false"
            class="MuiTreeItem-root"
            id="mui-25663-ROOT.typography"
            role="treeitem"
            tabindex="-1"
          >
            <div
              class="MuiTreeItem-content"
            >
              <div
                class="MuiTreeItem-iconContainer"
              >
                <svg
                  aria-hidden="true"
                  data-testid="ZepIconArrowChevronRightIcon"
                  focusable="false"
                  height="24"
                  viewBox="0 0 24 24"
                  width="24"
                >
                  <path
                    d="M14.74 12c0 .21-.07.42-.2.59l-.08.09-4.14 4.14a.62.62 0 01-.95-.8l.07-.09L13.37 12 9.44 8.07a.63.63 0 01-.07-.8l.07-.09a.63.63 0 01.8-.07l.08.07 4.14 4.14c.18.18.28.42.28.68z"
                    fill="currentColor"
                    fill-rule="evenodd"
                    transform="scale(Infinity, Infinity)"
                  />
                </svg>
              </div>
              <div
                class="MuiTreeItem-label"
              >
                typography
                : 
                <span
                  class="token comment"
                >
                  Object
                </span>
              </div>
            </div>
          </li>
          <li
            aria-expanded="false"
            class="MuiTreeItem-root"
            id="mui-25663-ROOT.theme"
            role="treeitem"
            tabindex="-1"
          >
            <div
              class="MuiTreeItem-content"
            >
              <div
                class="MuiTreeItem-iconContainer"
              >
                <svg
                  aria-hidden="true"
                  data-testid="ZepIconArrowChevronRightIcon"
                  focusable="false"
                  height="24"
                  viewBox="0 0 24 24"
                  width="24"
                >
                  <path
                    d="M14.74 12c0 .21-.07.42-.2.59l-.08.09-4.14 4.14a.62.62 0 01-.95-.8l.07-.09L13.37 12 9.44 8.07a.63.63 0 01-.07-.8l.07-.09a.63.63 0 01.8-.07l.08.07 4.14 4.14c.18.18.28.42.28.68z"
                    fill="currentColor"
                    fill-rule="evenodd"
                    transform="scale(Infinity, Infinity)"
                  />
                </svg>
              </div>
              <div
                class="MuiTreeItem-label"
              >
                theme
                : 
                <span
                  class="token comment"
                >
                  Object
                </span>
              </div>
            </div>
          </li>
          <li
            aria-expanded="false"
            class="MuiTreeItem-root"
            id="mui-25663-ROOT.logo"
            role="treeitem"
            tabindex="-1"
          >
            <div
              class="MuiTreeItem-content"
            >
              <div
                class="MuiTreeItem-iconContainer"
              >
                <svg
                  aria-hidden="true"
                  data-testid="ZepIconArrowChevronRightIcon"
                  focusable="false"
                  height="24"
                  viewBox="0 0 24 24"
                  width="24"
                >
                  <path
                    d="M14.74 12c0 .21-.07.42-.2.59l-.08.09-4.14 4.14a.62.62 0 01-.95-.8l.07-.09L13.37 12 9.44 8.07a.63.63 0 01-.07-.8l.07-.09a.63.63 0 01.8-.07l.08.07 4.14 4.14c.18.18.28.42.28.68z"
                    fill="currentColor"
                    fill-rule="evenodd"
                    transform="scale(Infinity, Infinity)"
                  />
                </svg>
              </div>
              <div
                class="MuiTreeItem-label"
              >
                logo
                : 
                <span
                  class="token comment"
                >
                  Object
                </span>
              </div>
            </div>
          </li>
          <li
            aria-expanded="false"
            class="MuiTreeItem-root"
            id="mui-25663-ROOT.color"
            role="treeitem"
            tabindex="-1"
          >
            <div
              class="MuiTreeItem-content"
            >
              <div
                class="MuiTreeItem-iconContainer"
              >
                <svg
                  aria-hidden="true"
                  data-testid="ZepIconArrowChevronRightIcon"
                  focusable="false"
                  height="24"
                  viewBox="0 0 24 24"
                  width="24"
                >
                  <path
                    d="M14.74 12c0 .21-.07.42-.2.59l-.08.09-4.14 4.14a.62.62 0 01-.95-.8l.07-.09L13.37 12 9.44 8.07a.63.63 0 01-.07-.8l.07-.09a.63.63 0 01.8-.07l.08.07 4.14 4.14c.18.18.28.42.28.68z"
                    fill="currentColor"
                    fill-rule="evenodd"
                    transform="scale(Infinity, Infinity)"
                  />
                </svg>
              </div>
              <div
                class="MuiTreeItem-label"
              >
                color
                : 
                <span
                  class="token comment"
                >
                  Object
                </span>
              </div>
            </div>
          </li>
          <li
            aria-expanded="false"
            class="MuiTreeItem-root"
            id="mui-25663-ROOT.spacing"
            role="treeitem"
            tabindex="-1"
          >
            <div
              class="MuiTreeItem-content"
            >
              <div
                class="MuiTreeItem-iconContainer"
              >
                <svg
                  aria-hidden="true"
                  data-testid="ZepIconArrowChevronRightIcon"
                  focusable="false"
                  height="24"
                  viewBox="0 0 24 24"
                  width="24"
                >
                  <path
                    d="M14.74 12c0 .21-.07.42-.2.59l-.08.09-4.14 4.14a.62.62 0 01-.95-.8l.07-.09L13.37 12 9.44 8.07a.63.63 0 01-.07-.8l.07-.09a.63.63 0 01.8-.07l.08.07 4.14 4.14c.18.18.28.42.28.68z"
                    fill="currentColor"
                    fill-rule="evenodd"
                    transform="scale(Infinity, Infinity)"
                  />
                </svg>
              </div>
              <div
                class="MuiTreeItem-label"
              >
                spacing
                : 
                <span
                  class="token comment"
                >
                  Object
                </span>
              </div>
            </div>
          </li>
        </ul>
      </div>
    </div>
  </body>,
  "container": <div>
    <div
      class="makeStyles-root-1"
    >
      <ul
        aria-multiselectable="false"
        class="MuiTreeView-root"
        id="mui-25663"
        role="tree"
        tabindex="0"
      >
        <li
          aria-expanded="false"
          class="MuiTreeItem-root"
          id="mui-25663-ROOT.breakpoint"
          role="treeitem"
          tabindex="-1"
        >
          <div
            class="MuiTreeItem-content"
          >
            <div
              class="MuiTreeItem-iconContainer"
            >
              <svg
                aria-hidden="true"
                data-testid="ZepIconArrowChevronRightIcon"
                focusable="false"
                height="24"
                viewBox="0 0 24 24"
                width="24"
              >
                <path
                  d="M14.74 12c0 .21-.07.42-.2.59l-.08.09-4.14 4.14a.62.62 0 01-.95-.8l.07-.09L13.37 12 9.44 8.07a.63.63 0 01-.07-.8l.07-.09a.63.63 0 01.8-.07l.08.07 4.14 4.14c.18.18.28.42.28.68z"
                  fill="currentColor"
                  fill-rule="evenodd"
                  transform="scale(Infinity, Infinity)"
                />
              </svg>
            </div>
            <div
              class="MuiTreeItem-label"
            >
              breakpoint
              : 
              <span
                class="token comment"
              >
                Object
              </span>
            </div>
          </div>
        </li>
        <li
          aria-expanded="false"
          class="MuiTreeItem-root"
          id="mui-25663-ROOT.grid"
          role="treeitem"
          tabindex="-1"
        >
          <div
            class="MuiTreeItem-content"
          >
            <div
              class="MuiTreeItem-iconContainer"
            >
              <svg
                aria-hidden="true"
                data-testid="ZepIconArrowChevronRightIcon"
                focusable="false"
                height="24"
                viewBox="0 0 24 24"
                width="24"
              >
                <path
                  d="M14.74 12c0 .21-.07.42-.2.59l-.08.09-4.14 4.14a.62.62 0 01-.95-.8l.07-.09L13.37 12 9.44 8.07a.63.63 0 01-.07-.8l.07-.09a.63.63 0 01.8-.07l.08.07 4.14 4.14c.18.18.28.42.28.68z"
                  fill="currentColor"
                  fill-rule="evenodd"
                  transform="scale(Infinity, Infinity)"
                />
              </svg>
            </div>
            <div
              class="MuiTreeItem-label"
            >
              grid
              : 
              <span
                class="token comment"
              >
                Object
              </span>
            </div>
          </div>
        </li>
        <li
          aria-expanded="false"
          class="MuiTreeItem-root"
          id="mui-25663-ROOT.typography"
          role="treeitem"
          tabindex="-1"
        >
          <div
            class="MuiTreeItem-content"
          >
            <div
              class="MuiTreeItem-iconContainer"
            >
              <svg
                aria-hidden="true"
                data-testid="ZepIconArrowChevronRightIcon"
                focusable="false"
                height="24"
                viewBox="0 0 24 24"
                width="24"
              >
                <path
                  d="M14.74 12c0 .21-.07.42-.2.59l-.08.09-4.14 4.14a.62.62 0 01-.95-.8l.07-.09L13.37 12 9.44 8.07a.63.63 0 01-.07-.8l.07-.09a.63.63 0 01.8-.07l.08.07 4.14 4.14c.18.18.28.42.28.68z"
                  fill="currentColor"
                  fill-rule="evenodd"
                  transform="scale(Infinity, Infinity)"
                />
              </svg>
            </div>
            <div
              class="MuiTreeItem-label"
            >
              typography
              : 
              <span
                class="token comment"
              >
                Object
              </span>
            </div>
          </div>
        </li>
        <li
          aria-expanded="false"
          class="MuiTreeItem-root"
          id="mui-25663-ROOT.theme"
          role="treeitem"
          tabindex="-1"
        >
          <div
            class="MuiTreeItem-content"
          >
            <div
              class="MuiTreeItem-iconContainer"
            >
              <svg
                aria-hidden="true"
                data-testid="ZepIconArrowChevronRightIcon"
                focusable="false"
                height="24"
                viewBox="0 0 24 24"
                width="24"
              >
                <path
                  d="M14.74 12c0 .21-.07.42-.2.59l-.08.09-4.14 4.14a.62.62 0 01-.95-.8l.07-.09L13.37 12 9.44 8.07a.63.63 0 01-.07-.8l.07-.09a.63.63 0 01.8-.07l.08.07 4.14 4.14c.18.18.28.42.28.68z"
                  fill="currentColor"
                  fill-rule="evenodd"
                  transform="scale(Infinity, Infinity)"
                />
              </svg>
            </div>
            <div
              class="MuiTreeItem-label"
            >
              theme
              : 
              <span
                class="token comment"
              >
                Object
              </span>
            </div>
          </div>
        </li>
        <li
          aria-expanded="false"
          class="MuiTreeItem-root"
          id="mui-25663-ROOT.logo"
          role="treeitem"
          tabindex="-1"
        >
          <div
            class="MuiTreeItem-content"
          >
            <div
              class="MuiTreeItem-iconContainer"
            >
              <svg
                aria-hidden="true"
                data-testid="ZepIconArrowChevronRightIcon"
                focusable="false"
                height="24"
                viewBox="0 0 24 24"
                width="24"
              >
                <path
                  d="M14.74 12c0 .21-.07.42-.2.59l-.08.09-4.14 4.14a.62.62 0 01-.95-.8l.07-.09L13.37 12 9.44 8.07a.63.63 0 01-.07-.8l.07-.09a.63.63 0 01.8-.07l.08.07 4.14 4.14c.18.18.28.42.28.68z"
                  fill="currentColor"
                  fill-rule="evenodd"
                  transform="scale(Infinity, Infinity)"
                />
              </svg>
            </div>
            <div
              class="MuiTreeItem-label"
            >
              logo
              : 
              <span
                class="token comment"
              >
                Object
              </span>
            </div>
          </div>
        </li>
        <li
          aria-expanded="false"
          class="MuiTreeItem-root"
          id="mui-25663-ROOT.color"
          role="treeitem"
          tabindex="-1"
        >
          <div
            class="MuiTreeItem-content"
          >
            <div
              class="MuiTreeItem-iconContainer"
            >
              <svg
                aria-hidden="true"
                data-testid="ZepIconArrowChevronRightIcon"
                focusable="false"
                height="24"
                viewBox="0 0 24 24"
                width="24"
              >
                <path
                  d="M14.74 12c0 .21-.07.42-.2.59l-.08.09-4.14 4.14a.62.62 0 01-.95-.8l.07-.09L13.37 12 9.44 8.07a.63.63 0 01-.07-.8l.07-.09a.63.63 0 01.8-.07l.08.07 4.14 4.14c.18.18.28.42.28.68z"
                  fill="currentColor"
                  fill-rule="evenodd"
                  transform="scale(Infinity, Infinity)"
                />
              </svg>
            </div>
            <div
              class="MuiTreeItem-label"
            >
              color
              : 
              <span
                class="token comment"
              >
                Object
              </span>
            </div>
          </div>
        </li>
        <li
          aria-expanded="false"
          class="MuiTreeItem-root"
          id="mui-25663-ROOT.spacing"
          role="treeitem"
          tabindex="-1"
        >
          <div
            class="MuiTreeItem-content"
          >
            <div
              class="MuiTreeItem-iconContainer"
            >
              <svg
                aria-hidden="true"
                data-testid="ZepIconArrowChevronRightIcon"
                focusable="false"
                height="24"
                viewBox="0 0 24 24"
                width="24"
              >
                <path
                  d="M14.74 12c0 .21-.07.42-.2.59l-.08.09-4.14 4.14a.62.62 0 01-.95-.8l.07-.09L13.37 12 9.44 8.07a.63.63 0 01-.07-.8l.07-.09a.63.63 0 01.8-.07l.08.07 4.14 4.14c.18.18.28.42.28.68z"
                  fill="currentColor"
                  fill-rule="evenodd"
                  transform="scale(Infinity, Infinity)"
                />
              </svg>
            </div>
            <div
              class="MuiTreeItem-label"
            >
              spacing
              : 
              <span
                class="token comment"
              >
                Object
              </span>
            </div>
          </div>
        </li>
      </ul>
    </div>
  </div>,
  "debug": [Function],
  "findAllByAltText": [Function],
  "findAllByDisplayValue": [Function],
  "findAllByLabelText": [Function],
  "findAllByPlaceholderText": [Function],
  "findAllByRole": [Function],
  "findAllByTestId": [Function],
  "findAllByText": [Function],
  "findAllByTitle": [Function],
  "findByAltText": [Function],
  "findByDisplayValue": [Function],
  "findByLabelText": [Function],
  "findByPlaceholderText": [Function],
  "findByRole": [Function],
  "findByTestId": [Function],
  "findByText": [Function],
  "findByTitle": [Function],
  "getAllByAltText": [Function],
  "getAllByDisplayValue": [Function],
  "getAllByLabelText": [Function],
  "getAllByPlaceholderText": [Function],
  "getAllByRole": [Function],
  "getAllByTestId": [Function],
  "getAllByText": [Function],
  "getAllByTitle": [Function],
  "getByAltText": [Function],
  "getByDisplayValue": [Function],
  "getByLabelText": [Function],
  "getByPlaceholderText": [Function],
  "getByRole": [Function],
  "getByTestId": [Function],
  "getByText": [Function],
  "getByTitle": [Function],
  "queryAllByAltText": [Function],
  "queryAllByDisplayValue": [Function],
  "queryAllByLabelText": [Function],
  "queryAllByPlaceholderText": [Function],
  "queryAllByRole": [Function],
  "queryAllByTestId": [Function],
  "queryAllByText": [Function],
  "queryAllByTitle": [Function],
  "queryByAltText": [Function],
  "queryByDisplayValue": [Function],
  "queryByLabelText": [Function],
  "queryByPlaceholderText": [Function],
  "queryByRole": [Function],
  "queryByTestId": [Function],
  "queryByText": [Function],
  "queryByTitle": [Function],
  "rerender": [Function],
  "unmount": [Function],
}
`;
