// Jest Snapshot v1, https://goo.gl/fbAQLP

exports[`Grid renders correctly 1`] = `
Object {
  "asFragment": [Function],
  "baseElement": <body>
    <div>
      <div
        class="Tabs-root-0-1-2 Grid-tabs-0-1-1"
        data-testid="tabs"
      >
        <button
          class="Tab-root-0-1-3 Tab-selected-0-1-9 Tab-normal-0-1-4 ButtonBase-button-0-1-10"
        >
          <p
            class="Tab-label-0-1-6 Tab-selected-0-1-9 Tab-labelPrimary-0-1-7 zep-typo--normal-4"
          >
            Overview
          </p>
        </button>
        <button
          class="Tab-root-0-1-3 Tab-normal-0-1-4 ButtonBase-button-0-1-10"
        >
          <p
            class="Tab-label-0-1-6 Tab-labelPrimary-0-1-7 zep-typo--normal-4"
          >
            Usage
          </p>
        </button>
      </div>
      <div>
        <div>
          <video
            autoplay=""
            loop=""
            preload="auto"
            src="https://cdn-zel.zepdev.net/zel/animation_grid.mp4"
            style="width: 100%; height: 100%;"
          />
        </div>
      </div>
    </div>
  </body>,
  "container": <div>
    <div
      class="Tabs-root-0-1-2 Grid-tabs-0-1-1"
      data-testid="tabs"
    >
      <button
        class="Tab-root-0-1-3 Tab-selected-0-1-9 Tab-normal-0-1-4 ButtonBase-button-0-1-10"
      >
        <p
          class="Tab-label-0-1-6 Tab-selected-0-1-9 Tab-labelPrimary-0-1-7 zep-typo--normal-4"
        >
          Overview
        </p>
      </button>
      <button
        class="Tab-root-0-1-3 Tab-normal-0-1-4 ButtonBase-button-0-1-10"
      >
        <p
          class="Tab-label-0-1-6 Tab-labelPrimary-0-1-7 zep-typo--normal-4"
        >
          Usage
        </p>
      </button>
    </div>
    <div>
      <div>
        <video
          autoplay=""
          loop=""
          preload="auto"
          src="https://cdn-zel.zepdev.net/zel/animation_grid.mp4"
          style="width: 100%; height: 100%;"
        />
      </div>
    </div>
  </div>,
  "debug": [Function],
  "findAllByAltText": [Function],
  "findAllByDisplayValue": [Function],
  "findAllByLabelText": [Function],
  "findAllByPlaceholderText": [Function],
  "findAllByRole": [Function],
  "findAllByTestId": [Function],
  "findAllByText": [Function],
  "findAllByTitle": [Function],
  "findByAltText": [Function],
  "findByDisplayValue": [Function],
  "findByLabelText": [Function],
  "findByPlaceholderText": [Function],
  "findByRole": [Function],
  "findByTestId": [Function],
  "findByText": [Function],
  "findByTitle": [Function],
  "getAllByAltText": [Function],
  "getAllByDisplayValue": [Function],
  "getAllByLabelText": [Function],
  "getAllByPlaceholderText": [Function],
  "getAllByRole": [Function],
  "getAllByTestId": [Function],
  "getAllByText": [Function],
  "getAllByTitle": [Function],
  "getByAltText": [Function],
  "getByDisplayValue": [Function],
  "getByLabelText": [Function],
  "getByPlaceholderText": [Function],
  "getByRole": [Function],
  "getByTestId": [Function],
  "getByText": [Function],
  "getByTitle": [Function],
  "queryAllByAltText": [Function],
  "queryAllByDisplayValue": [Function],
  "queryAllByLabelText": [Function],
  "queryAllByPlaceholderText": [Function],
  "queryAllByRole": [Function],
  "queryAllByTestId": [Function],
  "queryAllByText": [Function],
  "queryAllByTitle": [Function],
  "queryByAltText": [Function],
  "queryByDisplayValue": [Function],
  "queryByLabelText": [Function],
  "queryByPlaceholderText": [Function],
  "queryByRole": [Function],
  "queryByTestId": [Function],
  "queryByText": [Function],
  "queryByTitle": [Function],
  "rerender": [Function],
  "unmount": [Function],
}
`;
