// Jest Snapshot v1, https://goo.gl/fbAQLP

exports[`NumberInput renders correctly 1`] = `
Object {
  "asFragment": [Function],
  "baseElement": <body>
    <div>
      <button
        class="zep-button zep-button--number-input"
      >
        <span
          aria-label="minus"
          class="zepicons zepicons-minus"
        />
      </button>
      <label
        class="zep-visually-hidden"
        for="numberInput_mockLabel"
      >
        mockLabel
      </label>
      <input
        class="zep-input zep-input--number zep-input"
        value="0"
      />
      <button
        class="zep-button zep-button--number-input"
      >
        <span
          aria-label="plus"
          class="zepicons zepicons-plus"
        />
      </button>
    </div>
  </body>,
  "container": <div>
    <button
      class="zep-button zep-button--number-input"
    >
      <span
        aria-label="minus"
        class="zepicons zepicons-minus"
      />
    </button>
    <label
      class="zep-visually-hidden"
      for="numberInput_mockLabel"
    >
      mockLabel
    </label>
    <input
      class="zep-input zep-input--number zep-input"
      value="0"
    />
    <button
      class="zep-button zep-button--number-input"
    >
      <span
        aria-label="plus"
        class="zepicons zepicons-plus"
      />
    </button>
  </div>,
  "debug": [Function],
  "findAllByAltText": [Function],
  "findAllByDisplayValue": [Function],
  "findAllByLabelText": [Function],
  "findAllByPlaceholderText": [Function],
  "findAllByRole": [Function],
  "findAllByTestId": [Function],
  "findAllByText": [Function],
  "findAllByTitle": [Function],
  "findByAltText": [Function],
  "findByDisplayValue": [Function],
  "findByLabelText": [Function],
  "findByPlaceholderText": [Function],
  "findByRole": [Function],
  "findByTestId": [Function],
  "findByText": [Function],
  "findByTitle": [Function],
  "getAllByAltText": [Function],
  "getAllByDisplayValue": [Function],
  "getAllByLabelText": [Function],
  "getAllByPlaceholderText": [Function],
  "getAllByRole": [Function],
  "getAllByTestId": [Function],
  "getAllByText": [Function],
  "getAllByTitle": [Function],
  "getByAltText": [Function],
  "getByDisplayValue": [Function],
  "getByLabelText": [Function],
  "getByPlaceholderText": [Function],
  "getByRole": [Function],
  "getByTestId": [Function],
  "getByText": [Function],
  "getByTitle": [Function],
  "queryAllByAltText": [Function],
  "queryAllByDisplayValue": [Function],
  "queryAllByLabelText": [Function],
  "queryAllByPlaceholderText": [Function],
  "queryAllByRole": [Function],
  "queryAllByTestId": [Function],
  "queryAllByText": [Function],
  "queryAllByTitle": [Function],
  "queryByAltText": [Function],
  "queryByDisplayValue": [Function],
  "queryByLabelText": [Function],
  "queryByPlaceholderText": [Function],
  "queryByRole": [Function],
  "queryByTestId": [Function],
  "queryByText": [Function],
  "queryByTitle": [Function],
  "rerender": [Function],
  "unmount": [Function],
}
`;
