// Jest Snapshot v1, https://goo.gl/fbAQLP

exports[`SearchExample renders correctly 1`] = `
Object {
  "asFragment": [Function],
  "baseElement": <body>
    <div>
      <div>
        <div>
          <div
            aria-expanded="false"
            aria-haspopup="listbox"
            aria-labelledby="downshift-0-label"
            class="zep-search"
            role="combobox"
          >
            <label
              class="zep-visually-hidden"
              for="downshift-0-input"
              id="downshift-0-label"
            >
              Search for value
            </label>
            <input
              aria-autocomplete="list"
              aria-labelledby="downshift-0-label"
              autocomplete="off"
              class="zep-search__input zep-search__input--rounded-left"
              id="downshift-0-input"
              placeholder="Search for value"
              value=""
            />
            <svg
              class="zep-search__icon"
              height="32"
              viewBox="0 0 32 32"
              width="32"
              xmlns="http://www.w3.org/2000/svg"
            >
              <title>
                zepicons-search
              </title>
              <path
                d="M12.667 4c4.786 0 8.667 3.88 8.667 8.667 0 2.147-0.787 4.12-2.080 5.64l0.36 0.36h1.053l6.667 6.667-2 2-6.667-6.667v-1.053l-0.36-0.36c-1.52 1.293-3.493 2.080-5.64 2.080-4.786 0-8.667-3.88-8.667-8.667s3.88-8.667 8.667-8.667v0zM12.667 6.667c-3.333 0-6 2.667-6 6s2.667 6 6 6c3.333 0 6-2.667 6-6s-2.667-6-6-6z"
              />
            </svg>
          </div>
        </div>
        <div
          role="search"
        >
          <div
            aria-expanded="false"
            aria-haspopup="listbox"
            aria-labelledby="downshift-1-label"
            class="zep-search"
            role="combobox"
          >
            <label
              class="zep-visually-hidden"
              for="downshift-1-input"
              id="downshift-1-label"
            >
              Search for value
            </label>
            <input
              aria-autocomplete="list"
              aria-labelledby="downshift-1-label"
              autocomplete="off"
              class="zep-search__input zep-search__input--searchfield"
              id="downshift-1-input"
              placeholder="Search for value"
              value=""
            />
            <svg
              class="zep-search__icon"
              height="32"
              viewBox="0 0 32 32"
              width="32"
              xmlns="http://www.w3.org/2000/svg"
            >
              <title>
                zepicons-search
              </title>
              <path
                d="M12.667 4c4.786 0 8.667 3.88 8.667 8.667 0 2.147-0.787 4.12-2.080 5.64l0.36 0.36h1.053l6.667 6.667-2 2-6.667-6.667v-1.053l-0.36-0.36c-1.52 1.293-3.493 2.080-5.64 2.080-4.786 0-8.667-3.88-8.667-8.667s3.88-8.667 8.667-8.667v0zM12.667 6.667c-3.333 0-6 2.667-6 6s2.667 6 6 6c3.333 0 6-2.667 6-6s-2.667-6-6-6z"
              />
            </svg>
          </div>
        </div>
      </div>
    </div>
  </body>,
  "container": <div>
    <div>
      <div>
        <div
          aria-expanded="false"
          aria-haspopup="listbox"
          aria-labelledby="downshift-0-label"
          class="zep-search"
          role="combobox"
        >
          <label
            class="zep-visually-hidden"
            for="downshift-0-input"
            id="downshift-0-label"
          >
            Search for value
          </label>
          <input
            aria-autocomplete="list"
            aria-labelledby="downshift-0-label"
            autocomplete="off"
            class="zep-search__input zep-search__input--rounded-left"
            id="downshift-0-input"
            placeholder="Search for value"
            value=""
          />
          <svg
            class="zep-search__icon"
            height="32"
            viewBox="0 0 32 32"
            width="32"
            xmlns="http://www.w3.org/2000/svg"
          >
            <title>
              zepicons-search
            </title>
            <path
              d="M12.667 4c4.786 0 8.667 3.88 8.667 8.667 0 2.147-0.787 4.12-2.080 5.64l0.36 0.36h1.053l6.667 6.667-2 2-6.667-6.667v-1.053l-0.36-0.36c-1.52 1.293-3.493 2.080-5.64 2.080-4.786 0-8.667-3.88-8.667-8.667s3.88-8.667 8.667-8.667v0zM12.667 6.667c-3.333 0-6 2.667-6 6s2.667 6 6 6c3.333 0 6-2.667 6-6s-2.667-6-6-6z"
            />
          </svg>
        </div>
      </div>
      <div
        role="search"
      >
        <div
          aria-expanded="false"
          aria-haspopup="listbox"
          aria-labelledby="downshift-1-label"
          class="zep-search"
          role="combobox"
        >
          <label
            class="zep-visually-hidden"
            for="downshift-1-input"
            id="downshift-1-label"
          >
            Search for value
          </label>
          <input
            aria-autocomplete="list"
            aria-labelledby="downshift-1-label"
            autocomplete="off"
            class="zep-search__input zep-search__input--searchfield"
            id="downshift-1-input"
            placeholder="Search for value"
            value=""
          />
          <svg
            class="zep-search__icon"
            height="32"
            viewBox="0 0 32 32"
            width="32"
            xmlns="http://www.w3.org/2000/svg"
          >
            <title>
              zepicons-search
            </title>
            <path
              d="M12.667 4c4.786 0 8.667 3.88 8.667 8.667 0 2.147-0.787 4.12-2.080 5.64l0.36 0.36h1.053l6.667 6.667-2 2-6.667-6.667v-1.053l-0.36-0.36c-1.52 1.293-3.493 2.080-5.64 2.080-4.786 0-8.667-3.88-8.667-8.667s3.88-8.667 8.667-8.667v0zM12.667 6.667c-3.333 0-6 2.667-6 6s2.667 6 6 6c3.333 0 6-2.667 6-6s-2.667-6-6-6z"
            />
          </svg>
        </div>
      </div>
    </div>
  </div>,
  "debug": [Function],
  "findAllByAltText": [Function],
  "findAllByDisplayValue": [Function],
  "findAllByLabelText": [Function],
  "findAllByPlaceholderText": [Function],
  "findAllByRole": [Function],
  "findAllByTestId": [Function],
  "findAllByText": [Function],
  "findAllByTitle": [Function],
  "findByAltText": [Function],
  "findByDisplayValue": [Function],
  "findByLabelText": [Function],
  "findByPlaceholderText": [Function],
  "findByRole": [Function],
  "findByTestId": [Function],
  "findByText": [Function],
  "findByTitle": [Function],
  "getAllByAltText": [Function],
  "getAllByDisplayValue": [Function],
  "getAllByLabelText": [Function],
  "getAllByPlaceholderText": [Function],
  "getAllByRole": [Function],
  "getAllByTestId": [Function],
  "getAllByText": [Function],
  "getAllByTitle": [Function],
  "getByAltText": [Function],
  "getByDisplayValue": [Function],
  "getByLabelText": [Function],
  "getByPlaceholderText": [Function],
  "getByRole": [Function],
  "getByTestId": [Function],
  "getByText": [Function],
  "getByTitle": [Function],
  "queryAllByAltText": [Function],
  "queryAllByDisplayValue": [Function],
  "queryAllByLabelText": [Function],
  "queryAllByPlaceholderText": [Function],
  "queryAllByRole": [Function],
  "queryAllByTestId": [Function],
  "queryAllByText": [Function],
  "queryAllByTitle": [Function],
  "queryByAltText": [Function],
  "queryByDisplayValue": [Function],
  "queryByLabelText": [Function],
  "queryByPlaceholderText": [Function],
  "queryByRole": [Function],
  "queryByTestId": [Function],
  "queryByText": [Function],
  "queryByTitle": [Function],
  "rerender": [Function],
  "unmount": [Function],
}
`;
