// Jest Snapshot v1, https://goo.gl/fbAQLP

exports[`TypographyExample renders correctly 1`] = `
Object {
  "asFragment": [Function],
  "baseElement": <body>
    <div>
      <div
        class="makeStyles-root-1"
      >
        <table
          class="zep-table makeStyles-table-2"
        >
          <caption
            class="zep-visually-hidden"
          >
            mockTitle
          </caption>
          <thead>
            <tr
              class="zep-table__row zep-table__row--header"
            >
              <th
                class="zep-table__cell zep-table__cell--header"
                scope="col"
              >
                Name
              </th>
              <th
                class="zep-table__cell zep-table__cell--header"
                scope="col"
              >
                Specifications
              </th>
            </tr>
          </thead>
          <tbody>
            <tr
              class="zep-table__row zep-table__row--white"
            >
              <th
                class="zep-table__cell item1"
                scope="row"
              >
                item1
              </th>
              <td
                class="zep-table__cell"
              >
                <span>
                  <p
                    class="zep-typo--body-small"
                  >
                    0 : m
                  </p>
                  <p
                    class="zep-typo--body-small"
                  >
                    1 : o
                  </p>
                  <p
                    class="zep-typo--body-small"
                  >
                    2 : c
                  </p>
                  <p
                    class="zep-typo--body-small"
                  >
                    3 : k
                  </p>
                  <p
                    class="zep-typo--body-small"
                  >
                    4 : I
                  </p>
                  <p
                    class="zep-typo--body-small"
                  >
                    5 : t
                  </p>
                  <p
                    class="zep-typo--body-small"
                  >
                    6 : e
                  </p>
                  <p
                    class="zep-typo--body-small"
                  >
                    7 : m
                  </p>
                </span>
              </td>
            </tr>
          </tbody>
        </table>
      </div>
    </div>
  </body>,
  "container": <div>
    <div
      class="makeStyles-root-1"
    >
      <table
        class="zep-table makeStyles-table-2"
      >
        <caption
          class="zep-visually-hidden"
        >
          mockTitle
        </caption>
        <thead>
          <tr
            class="zep-table__row zep-table__row--header"
          >
            <th
              class="zep-table__cell zep-table__cell--header"
              scope="col"
            >
              Name
            </th>
            <th
              class="zep-table__cell zep-table__cell--header"
              scope="col"
            >
              Specifications
            </th>
          </tr>
        </thead>
        <tbody>
          <tr
            class="zep-table__row zep-table__row--white"
          >
            <th
              class="zep-table__cell item1"
              scope="row"
            >
              item1
            </th>
            <td
              class="zep-table__cell"
            >
              <span>
                <p
                  class="zep-typo--body-small"
                >
                  0 : m
                </p>
                <p
                  class="zep-typo--body-small"
                >
                  1 : o
                </p>
                <p
                  class="zep-typo--body-small"
                >
                  2 : c
                </p>
                <p
                  class="zep-typo--body-small"
                >
                  3 : k
                </p>
                <p
                  class="zep-typo--body-small"
                >
                  4 : I
                </p>
                <p
                  class="zep-typo--body-small"
                >
                  5 : t
                </p>
                <p
                  class="zep-typo--body-small"
                >
                  6 : e
                </p>
                <p
                  class="zep-typo--body-small"
                >
                  7 : m
                </p>
              </span>
            </td>
          </tr>
        </tbody>
      </table>
    </div>
  </div>,
  "debug": [Function],
  "findAllByAltText": [Function],
  "findAllByDisplayValue": [Function],
  "findAllByLabelText": [Function],
  "findAllByPlaceholderText": [Function],
  "findAllByRole": [Function],
  "findAllByTestId": [Function],
  "findAllByText": [Function],
  "findAllByTitle": [Function],
  "findByAltText": [Function],
  "findByDisplayValue": [Function],
  "findByLabelText": [Function],
  "findByPlaceholderText": [Function],
  "findByRole": [Function],
  "findByTestId": [Function],
  "findByText": [Function],
  "findByTitle": [Function],
  "getAllByAltText": [Function],
  "getAllByDisplayValue": [Function],
  "getAllByLabelText": [Function],
  "getAllByPlaceholderText": [Function],
  "getAllByRole": [Function],
  "getAllByTestId": [Function],
  "getAllByText": [Function],
  "getAllByTitle": [Function],
  "getByAltText": [Function],
  "getByDisplayValue": [Function],
  "getByLabelText": [Function],
  "getByPlaceholderText": [Function],
  "getByRole": [Function],
  "getByTestId": [Function],
  "getByText": [Function],
  "getByTitle": [Function],
  "queryAllByAltText": [Function],
  "queryAllByDisplayValue": [Function],
  "queryAllByLabelText": [Function],
  "queryAllByPlaceholderText": [Function],
  "queryAllByRole": [Function],
  "queryAllByTestId": [Function],
  "queryAllByText": [Function],
  "queryAllByTitle": [Function],
  "queryByAltText": [Function],
  "queryByDisplayValue": [Function],
  "queryByLabelText": [Function],
  "queryByPlaceholderText": [Function],
  "queryByRole": [Function],
  "queryByTestId": [Function],
  "queryByText": [Function],
  "queryByTitle": [Function],
  "rerender": [Function],
  "unmount": [Function],
}
`;
