// Jest Snapshot v1, https://goo.gl/fbAQLP

exports[`CopyIcon renders correctly 1`] = `
Object {
  "asFragment": [Function],
  "baseElement": <body>
    <div>
      <svg
        aria-labelledby="title_copy"
        height="32"
        viewBox="0 0 24 24"
        width="32"
        xmlns="http://www.w3.org/2000/svg"
      >
        <title
          id="title_copy"
        >
          Copy
        </title>
        <path
          d="M20,21 L9,21 L9,7 L20,7 L20,21 Z M20,5 L9,5 C7.8954305,5 7,5.8954305 7,7 L7,21 C7,22.1045695 7.8954305,23 9,23 L20,23 C21.1045695,23 22,22.1045695 22,21 L22,7 C22,5.8954305 21.1045695,5 20,5 L20,5 Z M17,1 L5,1 C3.8954305,1 3,1.8954305 3,3 L3,17 L5,17 L5,3 L17,3 L17,1 Z"
          fill="currentColor"
        />
      </svg>
    </div>
  </body>,
  "container": <div>
    <svg
      aria-labelledby="title_copy"
      height="32"
      viewBox="0 0 24 24"
      width="32"
      xmlns="http://www.w3.org/2000/svg"
    >
      <title
        id="title_copy"
      >
        Copy
      </title>
      <path
        d="M20,21 L9,21 L9,7 L20,7 L20,21 Z M20,5 L9,5 C7.8954305,5 7,5.8954305 7,7 L7,21 C7,22.1045695 7.8954305,23 9,23 L20,23 C21.1045695,23 22,22.1045695 22,21 L22,7 C22,5.8954305 21.1045695,5 20,5 L20,5 Z M17,1 L5,1 C3.8954305,1 3,1.8954305 3,3 L3,17 L5,17 L5,3 L17,3 L17,1 Z"
        fill="currentColor"
      />
    </svg>
  </div>,
  "debug": [Function],
  "findAllByAltText": [Function],
  "findAllByDisplayValue": [Function],
  "findAllByLabelText": [Function],
  "findAllByPlaceholderText": [Function],
  "findAllByRole": [Function],
  "findAllByTestId": [Function],
  "findAllByText": [Function],
  "findAllByTitle": [Function],
  "findByAltText": [Function],
  "findByDisplayValue": [Function],
  "findByLabelText": [Function],
  "findByPlaceholderText": [Function],
  "findByRole": [Function],
  "findByTestId": [Function],
  "findByText": [Function],
  "findByTitle": [Function],
  "getAllByAltText": [Function],
  "getAllByDisplayValue": [Function],
  "getAllByLabelText": [Function],
  "getAllByPlaceholderText": [Function],
  "getAllByRole": [Function],
  "getAllByTestId": [Function],
  "getAllByText": [Function],
  "getAllByTitle": [Function],
  "getByAltText": [Function],
  "getByDisplayValue": [Function],
  "getByLabelText": [Function],
  "getByPlaceholderText": [Function],
  "getByRole": [Function],
  "getByTestId": [Function],
  "getByText": [Function],
  "getByTitle": [Function],
  "queryAllByAltText": [Function],
  "queryAllByDisplayValue": [Function],
  "queryAllByLabelText": [Function],
  "queryAllByPlaceholderText": [Function],
  "queryAllByRole": [Function],
  "queryAllByTestId": [Function],
  "queryAllByText": [Function],
  "queryAllByTitle": [Function],
  "queryByAltText": [Function],
  "queryByDisplayValue": [Function],
  "queryByLabelText": [Function],
  "queryByPlaceholderText": [Function],
  "queryByRole": [Function],
  "queryByTestId": [Function],
  "queryByText": [Function],
  "queryByTitle": [Function],
  "rerender": [Function],
  "unmount": [Function],
}
`;
