// Jest Snapshot v1, https://goo.gl/fbAQLP

exports[`ContentTable renders correctly 1`] = `
Object {
  "asFragment": [Function],
  "baseElement": <body>
    <div>
      <div
        class="root-0-2-8 tabs-0-2-5 zep-tabs"
        data-testid="tabs"
        role="tablist"
      >
        <div
          class="zep-tabs__item"
        >
          <button
            aria-selected="true"
            class="zep-tab zep-tab--selected"
            id="tab-0"
            role="tab"
            tabindex="0"
          >
            Positive
          </button>
        </div>
        <div
          class="zep-tabs__item"
        >
          <button
            aria-selected="false"
            class="zep-tab"
            id="tab-1"
            role="tab"
            tabindex="0"
          >
            Negative
          </button>
        </div>
      </div>
      <div
        class="root-0-2-1"
      >
        <table
          class="zep-table table-0-2-2"
        >
          <caption
            class="zep-visually-hidden"
          >
            mockTitle
          </caption>
          <thead>
            <tr
              class="zep-table__row zep-table__row--header"
            >
              <th
                class="zep-table__cell zep-table__cell--header capitalize-0-2-4"
                scope="col"
              >
                mockHeader1
              </th>
            </tr>
          </thead>
          <tbody>
            <tr
              class="zep-table__row zep-table__row--white"
            >
              <th
                class="zep-table__cell"
                scope="row"
              >
                -
              </th>
            </tr>
          </tbody>
        </table>
      </div>
    </div>
  </body>,
  "container": <div>
    <div
      class="root-0-2-8 tabs-0-2-5 zep-tabs"
      data-testid="tabs"
      role="tablist"
    >
      <div
        class="zep-tabs__item"
      >
        <button
          aria-selected="true"
          class="zep-tab zep-tab--selected"
          id="tab-0"
          role="tab"
          tabindex="0"
        >
          Positive
        </button>
      </div>
      <div
        class="zep-tabs__item"
      >
        <button
          aria-selected="false"
          class="zep-tab"
          id="tab-1"
          role="tab"
          tabindex="0"
        >
          Negative
        </button>
      </div>
    </div>
    <div
      class="root-0-2-1"
    >
      <table
        class="zep-table table-0-2-2"
      >
        <caption
          class="zep-visually-hidden"
        >
          mockTitle
        </caption>
        <thead>
          <tr
            class="zep-table__row zep-table__row--header"
          >
            <th
              class="zep-table__cell zep-table__cell--header capitalize-0-2-4"
              scope="col"
            >
              mockHeader1
            </th>
          </tr>
        </thead>
        <tbody>
          <tr
            class="zep-table__row zep-table__row--white"
          >
            <th
              class="zep-table__cell"
              scope="row"
            >
              -
            </th>
          </tr>
        </tbody>
      </table>
    </div>
  </div>,
  "debug": [Function],
  "findAllByAltText": [Function],
  "findAllByDisplayValue": [Function],
  "findAllByLabelText": [Function],
  "findAllByPlaceholderText": [Function],
  "findAllByRole": [Function],
  "findAllByTestId": [Function],
  "findAllByText": [Function],
  "findAllByTitle": [Function],
  "findByAltText": [Function],
  "findByDisplayValue": [Function],
  "findByLabelText": [Function],
  "findByPlaceholderText": [Function],
  "findByRole": [Function],
  "findByTestId": [Function],
  "findByText": [Function],
  "findByTitle": [Function],
  "getAllByAltText": [Function],
  "getAllByDisplayValue": [Function],
  "getAllByLabelText": [Function],
  "getAllByPlaceholderText": [Function],
  "getAllByRole": [Function],
  "getAllByTestId": [Function],
  "getAllByText": [Function],
  "getAllByTitle": [Function],
  "getByAltText": [Function],
  "getByDisplayValue": [Function],
  "getByLabelText": [Function],
  "getByPlaceholderText": [Function],
  "getByRole": [Function],
  "getByTestId": [Function],
  "getByText": [Function],
  "getByTitle": [Function],
  "queryAllByAltText": [Function],
  "queryAllByDisplayValue": [Function],
  "queryAllByLabelText": [Function],
  "queryAllByPlaceholderText": [Function],
  "queryAllByRole": [Function],
  "queryAllByTestId": [Function],
  "queryAllByText": [Function],
  "queryAllByTitle": [Function],
  "queryByAltText": [Function],
  "queryByDisplayValue": [Function],
  "queryByLabelText": [Function],
  "queryByPlaceholderText": [Function],
  "queryByRole": [Function],
  "queryByTestId": [Function],
  "queryByText": [Function],
  "queryByTitle": [Function],
  "rerender": [Function],
  "unmount": [Function],
}
`;
