// Jest Snapshot v1, https://goo.gl/fbAQLP

exports[`DownloadSketch renders correctly 1`] = `
Object {
  "asFragment": [Function],
  "baseElement": <body>
    <div>
      <div
        class="DownloadSketch-root-0-1-1"
      >
        <p
          class="zep-typo--normal-3 DownloadSketch-text-0-1-4"
        >
          Color palettes for Sketch 
          <sup
            class="DownloadSketch-trademark-0-1-5"
          >
            TM
          </sup>
        </p>
        <div
          class="DownloadSketch-container-0-1-3"
        >
          <img
            alt="sketch logo"
            class="DownloadSketch-img-0-1-6"
            src="test-file-stub"
          />
          <a
            aria-label="download sketch file"
            class="ButtonBase-button-0-1-9 DownloadSketch-button-0-1-7"
            download="zeppelin-element-library.css"
            href="https://cdn-zel.zepdev.net/zel/css/zeppelin-element-library.css"
            target="_blank"
          >
            <svg
              aria-labelledby="title"
              class="DownloadSketch-icon-0-1-8"
              height="32"
              viewBox="0 0 24 24"
              width="32"
              xmlns="http://www.w3.org/2000/svg"
            >
              <title
                id="title_copy"
              >
                Download Icon
              </title>
              <path
                d="M16 13h-3V3h-2v10H8l4 4 4-4zM4 19v2h16v-2H4z"
                fill="currentColor"
              />
              <path
                d="M0 0h24v24H0z"
                fill="none"
              />
            </svg>
          </a>
        </div>
      </div>
    </div>
  </body>,
  "container": <div>
    <div
      class="DownloadSketch-root-0-1-1"
    >
      <p
        class="zep-typo--normal-3 DownloadSketch-text-0-1-4"
      >
        Color palettes for Sketch 
        <sup
          class="DownloadSketch-trademark-0-1-5"
        >
          TM
        </sup>
      </p>
      <div
        class="DownloadSketch-container-0-1-3"
      >
        <img
          alt="sketch logo"
          class="DownloadSketch-img-0-1-6"
          src="test-file-stub"
        />
        <a
          aria-label="download sketch file"
          class="ButtonBase-button-0-1-9 DownloadSketch-button-0-1-7"
          download="zeppelin-element-library.css"
          href="https://cdn-zel.zepdev.net/zel/css/zeppelin-element-library.css"
          target="_blank"
        >
          <svg
            aria-labelledby="title"
            class="DownloadSketch-icon-0-1-8"
            height="32"
            viewBox="0 0 24 24"
            width="32"
            xmlns="http://www.w3.org/2000/svg"
          >
            <title
              id="title_copy"
            >
              Download Icon
            </title>
            <path
              d="M16 13h-3V3h-2v10H8l4 4 4-4zM4 19v2h16v-2H4z"
              fill="currentColor"
            />
            <path
              d="M0 0h24v24H0z"
              fill="none"
            />
          </svg>
        </a>
      </div>
    </div>
  </div>,
  "debug": [Function],
  "findAllByAltText": [Function],
  "findAllByDisplayValue": [Function],
  "findAllByLabelText": [Function],
  "findAllByPlaceholderText": [Function],
  "findAllByRole": [Function],
  "findAllByTestId": [Function],
  "findAllByText": [Function],
  "findAllByTitle": [Function],
  "findByAltText": [Function],
  "findByDisplayValue": [Function],
  "findByLabelText": [Function],
  "findByPlaceholderText": [Function],
  "findByRole": [Function],
  "findByTestId": [Function],
  "findByText": [Function],
  "findByTitle": [Function],
  "getAllByAltText": [Function],
  "getAllByDisplayValue": [Function],
  "getAllByLabelText": [Function],
  "getAllByPlaceholderText": [Function],
  "getAllByRole": [Function],
  "getAllBySelectText": [Function],
  "getAllByTestId": [Function],
  "getAllByText": [Function],
  "getAllByTitle": [Function],
  "getAllByValue": [Function],
  "getByAltText": [Function],
  "getByDisplayValue": [Function],
  "getByLabelText": [Function],
  "getByPlaceholderText": [Function],
  "getByRole": [Function],
  "getBySelectText": [Function],
  "getByTestId": [Function],
  "getByText": [Function],
  "getByTitle": [Function],
  "getByValue": [Function],
  "queryAllByAltText": [Function],
  "queryAllByDisplayValue": [Function],
  "queryAllByLabelText": [Function],
  "queryAllByPlaceholderText": [Function],
  "queryAllByRole": [Function],
  "queryAllBySelectText": [Function],
  "queryAllByTestId": [Function],
  "queryAllByText": [Function],
  "queryAllByTitle": [Function],
  "queryAllByValue": [Function],
  "queryByAltText": [Function],
  "queryByDisplayValue": [Function],
  "queryByLabelText": [Function],
  "queryByPlaceholderText": [Function],
  "queryByRole": [Function],
  "queryBySelectText": [Function],
  "queryByTestId": [Function],
  "queryByText": [Function],
  "queryByTitle": [Function],
  "queryByValue": [Function],
  "rerender": [Function],
  "unmount": [Function],
}
`;
