// Jest Snapshot v1, https://goo.gl/fbAQLP

exports[`RadioExample renders correctly 1`] = `
Object {
  "asFragment": [Function],
  "baseElement": <body>
    <div>
      <div>
        <fieldset
          aria-labelledby="radio_Select One"
          class="zep-typo--body-default"
          role="group"
        >
          <legend
            id="radio_Select One"
          >
            Select One
          </legend>
          <div
            class="zep-radio"
          >
            <input
              checked=""
              class="zep-radio__input"
              id="r1"
              name="value 1"
              type="radio"
              value="a"
            />
            <label
              class="zep-radio__label"
              for="r1"
            >
              value 1
            </label>
          </div>
          <div
            class="zep-radio"
          >
            <input
              class="zep-radio__input"
              id="r2"
              name="value 2"
              type="radio"
              value="b"
            />
            <label
              class="zep-radio__label"
              for="r2"
            >
              value 2
            </label>
          </div>
        </fieldset>
        <fieldset
          aria-labelledby="radio_Inline Example"
          class="zep-typo--body-default"
          role="group"
        >
          <legend
            id="radio_Inline Example"
          >
            Inline Example
          </legend>
          <div
            class="zep-radio zep-radio--inline"
          >
            <input
              checked=""
              class="zep-radio__input"
              id="r1Inline"
              name="value 1"
              type="radio"
              value="a"
            />
            <label
              class="zep-radio__label"
              for="r1Inline"
            >
              value 1
            </label>
          </div>
          <div
            class="zep-radio zep-radio--inline"
          >
            <input
              class="zep-radio__input"
              id="r2Inline"
              name="value 2"
              type="radio"
              value="b"
            />
            <label
              class="zep-radio__label"
              for="r2Inline"
            >
              value 2
            </label>
          </div>
        </fieldset>
      </div>
    </div>
  </body>,
  "container": <div>
    <div>
      <fieldset
        aria-labelledby="radio_Select One"
        class="zep-typo--body-default"
        role="group"
      >
        <legend
          id="radio_Select One"
        >
          Select One
        </legend>
        <div
          class="zep-radio"
        >
          <input
            checked=""
            class="zep-radio__input"
            id="r1"
            name="value 1"
            type="radio"
            value="a"
          />
          <label
            class="zep-radio__label"
            for="r1"
          >
            value 1
          </label>
        </div>
        <div
          class="zep-radio"
        >
          <input
            class="zep-radio__input"
            id="r2"
            name="value 2"
            type="radio"
            value="b"
          />
          <label
            class="zep-radio__label"
            for="r2"
          >
            value 2
          </label>
        </div>
      </fieldset>
      <fieldset
        aria-labelledby="radio_Inline Example"
        class="zep-typo--body-default"
        role="group"
      >
        <legend
          id="radio_Inline Example"
        >
          Inline Example
        </legend>
        <div
          class="zep-radio zep-radio--inline"
        >
          <input
            checked=""
            class="zep-radio__input"
            id="r1Inline"
            name="value 1"
            type="radio"
            value="a"
          />
          <label
            class="zep-radio__label"
            for="r1Inline"
          >
            value 1
          </label>
        </div>
        <div
          class="zep-radio zep-radio--inline"
        >
          <input
            class="zep-radio__input"
            id="r2Inline"
            name="value 2"
            type="radio"
            value="b"
          />
          <label
            class="zep-radio__label"
            for="r2Inline"
          >
            value 2
          </label>
        </div>
      </fieldset>
    </div>
  </div>,
  "debug": [Function],
  "findAllByAltText": [Function],
  "findAllByDisplayValue": [Function],
  "findAllByLabelText": [Function],
  "findAllByPlaceholderText": [Function],
  "findAllByRole": [Function],
  "findAllByTestId": [Function],
  "findAllByText": [Function],
  "findAllByTitle": [Function],
  "findByAltText": [Function],
  "findByDisplayValue": [Function],
  "findByLabelText": [Function],
  "findByPlaceholderText": [Function],
  "findByRole": [Function],
  "findByTestId": [Function],
  "findByText": [Function],
  "findByTitle": [Function],
  "getAllByAltText": [Function],
  "getAllByDisplayValue": [Function],
  "getAllByLabelText": [Function],
  "getAllByPlaceholderText": [Function],
  "getAllByRole": [Function],
  "getAllByTestId": [Function],
  "getAllByText": [Function],
  "getAllByTitle": [Function],
  "getByAltText": [Function],
  "getByDisplayValue": [Function],
  "getByLabelText": [Function],
  "getByPlaceholderText": [Function],
  "getByRole": [Function],
  "getByTestId": [Function],
  "getByText": [Function],
  "getByTitle": [Function],
  "queryAllByAltText": [Function],
  "queryAllByDisplayValue": [Function],
  "queryAllByLabelText": [Function],
  "queryAllByPlaceholderText": [Function],
  "queryAllByRole": [Function],
  "queryAllByTestId": [Function],
  "queryAllByText": [Function],
  "queryAllByTitle": [Function],
  "queryByAltText": [Function],
  "queryByDisplayValue": [Function],
  "queryByLabelText": [Function],
  "queryByPlaceholderText": [Function],
  "queryByRole": [Function],
  "queryByTestId": [Function],
  "queryByText": [Function],
  "queryByTitle": [Function],
  "rerender": [Function],
  "unmount": [Function],
}
`;
