// Jest Snapshot v1, https://goo.gl/fbAQLP

exports[`SidebarNavItem renders correctly 1`] = `
Object {
  "asFragment": [Function],
  "baseElement": <body>
    <div>
      <li
        class=""
      >
        <button
          class="SidebarNavItem-button-0-1-1 zep-typo--normal-body1 zep-button--full ButtonBase-button-0-1-9"
        >
          sectionTitle
          <svg
            aria-labelledby="title_chevronDown"
            class="SidebarNavItem-icon-0-1-5 SidebarNavItem-iconReset-0-1-7"
            height="20"
            viewBox="0 0 32 32"
            width="20"
            xmlns="http://www.w3.org/2000/svg"
          >
            <title
              id="title_chevronDown"
            >
              Chevron Down
            </title>
            <polygon
              fill="currentColor"
              points="7.41 8.58 12 13.17 16.59 8.58 18 10 12 16 6 10"
            />
          </svg>
        </button>
      </li>
    </div>
  </body>,
  "container": <div>
    <li
      class=""
    >
      <button
        class="SidebarNavItem-button-0-1-1 zep-typo--normal-body1 zep-button--full ButtonBase-button-0-1-9"
      >
        sectionTitle
        <svg
          aria-labelledby="title_chevronDown"
          class="SidebarNavItem-icon-0-1-5 SidebarNavItem-iconReset-0-1-7"
          height="20"
          viewBox="0 0 32 32"
          width="20"
          xmlns="http://www.w3.org/2000/svg"
        >
          <title
            id="title_chevronDown"
          >
            Chevron Down
          </title>
          <polygon
            fill="currentColor"
            points="7.41 8.58 12 13.17 16.59 8.58 18 10 12 16 6 10"
          />
        </svg>
      </button>
    </li>
  </div>,
  "debug": [Function],
  "findAllByAltText": [Function],
  "findAllByDisplayValue": [Function],
  "findAllByLabelText": [Function],
  "findAllByPlaceholderText": [Function],
  "findAllByRole": [Function],
  "findAllByTestId": [Function],
  "findAllByText": [Function],
  "findAllByTitle": [Function],
  "findByAltText": [Function],
  "findByDisplayValue": [Function],
  "findByLabelText": [Function],
  "findByPlaceholderText": [Function],
  "findByRole": [Function],
  "findByTestId": [Function],
  "findByText": [Function],
  "findByTitle": [Function],
  "getAllByAltText": [Function],
  "getAllByDisplayValue": [Function],
  "getAllByLabelText": [Function],
  "getAllByPlaceholderText": [Function],
  "getAllByRole": [Function],
  "getAllByTestId": [Function],
  "getAllByText": [Function],
  "getAllByTitle": [Function],
  "getByAltText": [Function],
  "getByDisplayValue": [Function],
  "getByLabelText": [Function],
  "getByPlaceholderText": [Function],
  "getByRole": [Function],
  "getByTestId": [Function],
  "getByText": [Function],
  "getByTitle": [Function],
  "queryAllByAltText": [Function],
  "queryAllByDisplayValue": [Function],
  "queryAllByLabelText": [Function],
  "queryAllByPlaceholderText": [Function],
  "queryAllByRole": [Function],
  "queryAllByTestId": [Function],
  "queryAllByText": [Function],
  "queryAllByTitle": [Function],
  "queryByAltText": [Function],
  "queryByDisplayValue": [Function],
  "queryByLabelText": [Function],
  "queryByPlaceholderText": [Function],
  "queryByRole": [Function],
  "queryByTestId": [Function],
  "queryByText": [Function],
  "queryByTitle": [Function],
  "rerender": [Function],
  "unmount": [Function],
}
`;
