// Jest Snapshot v1, https://goo.gl/fbAQLP

exports[`SidebarNav renders correctly 1`] = `
Object {
  "asFragment": [Function],
  "baseElement": <body>
    <div>
      <ul
        class="SidebarNav-list-0-1-1"
      >
        <li>
          <button
            class="ButtonBase-button-0-1-9 zep-button--full SidebarNavItem-button-0-1-2 zep-typo--normal-3"
          >
            Getting started
            <svg
              aria-labelledby="title"
              class="SidebarNavItem-icon-0-1-6 SidebarNavItem-iconReset-0-1-8"
              height="20"
              viewBox="0 0 24 24"
              width="20"
              xmlns="http://www.w3.org/2000/svg"
            >
              <title
                id="title_copy"
              >
                Arrow Down Icon
              </title>
              <polygon
                fill="currentColor"
                points="7.41 8.58 12 13.17 16.59 8.58 18 10 12 16 6 10"
              />
            </svg>
          </button>
        </li>
        <li>
          <button
            class="ButtonBase-button-0-1-9 zep-button--full SidebarNavItem-button-0-1-2 zep-typo--normal-3"
          >
            Guidelines
            <svg
              aria-labelledby="title"
              class="SidebarNavItem-icon-0-1-6 SidebarNavItem-iconReset-0-1-8"
              height="20"
              viewBox="0 0 24 24"
              width="20"
              xmlns="http://www.w3.org/2000/svg"
            >
              <title
                id="title_copy"
              >
                Arrow Down Icon
              </title>
              <polygon
                fill="currentColor"
                points="7.41 8.58 12 13.17 16.59 8.58 18 10 12 16 6 10"
              />
            </svg>
          </button>
        </li>
        <li>
          <button
            class="ButtonBase-button-0-1-9 zep-button--full SidebarNavItem-button-0-1-2 zep-typo--normal-3"
          >
            Elements
            <svg
              aria-labelledby="title"
              class="SidebarNavItem-icon-0-1-6 SidebarNavItem-iconReset-0-1-8"
              height="20"
              viewBox="0 0 24 24"
              width="20"
              xmlns="http://www.w3.org/2000/svg"
            >
              <title
                id="title_copy"
              >
                Arrow Down Icon
              </title>
              <polygon
                fill="currentColor"
                points="7.41 8.58 12 13.17 16.59 8.58 18 10 12 16 6 10"
              />
            </svg>
          </button>
        </li>
        <li>
          <a
            class="SidebarNavItem-button-0-1-2 zep-typo--normal-3 zep-button--full"
            href="/content/download/"
          >
            Download
          </a>
        </li>
      </ul>
    </div>
  </body>,
  "container": <div>
    <ul
      class="SidebarNav-list-0-1-1"
    >
      <li>
        <button
          class="ButtonBase-button-0-1-9 zep-button--full SidebarNavItem-button-0-1-2 zep-typo--normal-3"
        >
          Getting started
          <svg
            aria-labelledby="title"
            class="SidebarNavItem-icon-0-1-6 SidebarNavItem-iconReset-0-1-8"
            height="20"
            viewBox="0 0 24 24"
            width="20"
            xmlns="http://www.w3.org/2000/svg"
          >
            <title
              id="title_copy"
            >
              Arrow Down Icon
            </title>
            <polygon
              fill="currentColor"
              points="7.41 8.58 12 13.17 16.59 8.58 18 10 12 16 6 10"
            />
          </svg>
        </button>
      </li>
      <li>
        <button
          class="ButtonBase-button-0-1-9 zep-button--full SidebarNavItem-button-0-1-2 zep-typo--normal-3"
        >
          Guidelines
          <svg
            aria-labelledby="title"
            class="SidebarNavItem-icon-0-1-6 SidebarNavItem-iconReset-0-1-8"
            height="20"
            viewBox="0 0 24 24"
            width="20"
            xmlns="http://www.w3.org/2000/svg"
          >
            <title
              id="title_copy"
            >
              Arrow Down Icon
            </title>
            <polygon
              fill="currentColor"
              points="7.41 8.58 12 13.17 16.59 8.58 18 10 12 16 6 10"
            />
          </svg>
        </button>
      </li>
      <li>
        <button
          class="ButtonBase-button-0-1-9 zep-button--full SidebarNavItem-button-0-1-2 zep-typo--normal-3"
        >
          Elements
          <svg
            aria-labelledby="title"
            class="SidebarNavItem-icon-0-1-6 SidebarNavItem-iconReset-0-1-8"
            height="20"
            viewBox="0 0 24 24"
            width="20"
            xmlns="http://www.w3.org/2000/svg"
          >
            <title
              id="title_copy"
            >
              Arrow Down Icon
            </title>
            <polygon
              fill="currentColor"
              points="7.41 8.58 12 13.17 16.59 8.58 18 10 12 16 6 10"
            />
          </svg>
        </button>
      </li>
      <li>
        <a
          class="SidebarNavItem-button-0-1-2 zep-typo--normal-3 zep-button--full"
          href="/content/download/"
        >
          Download
        </a>
      </li>
    </ul>
  </div>,
  "debug": [Function],
  "findAllByAltText": [Function],
  "findAllByDisplayValue": [Function],
  "findAllByLabelText": [Function],
  "findAllByPlaceholderText": [Function],
  "findAllByRole": [Function],
  "findAllByTestId": [Function],
  "findAllByText": [Function],
  "findAllByTitle": [Function],
  "findByAltText": [Function],
  "findByDisplayValue": [Function],
  "findByLabelText": [Function],
  "findByPlaceholderText": [Function],
  "findByRole": [Function],
  "findByTestId": [Function],
  "findByText": [Function],
  "findByTitle": [Function],
  "getAllByAltText": [Function],
  "getAllByDisplayValue": [Function],
  "getAllByLabelText": [Function],
  "getAllByPlaceholderText": [Function],
  "getAllByRole": [Function],
  "getAllBySelectText": [Function],
  "getAllByTestId": [Function],
  "getAllByText": [Function],
  "getAllByTitle": [Function],
  "getAllByValue": [Function],
  "getByAltText": [Function],
  "getByDisplayValue": [Function],
  "getByLabelText": [Function],
  "getByPlaceholderText": [Function],
  "getByRole": [Function],
  "getBySelectText": [Function],
  "getByTestId": [Function],
  "getByText": [Function],
  "getByTitle": [Function],
  "getByValue": [Function],
  "queryAllByAltText": [Function],
  "queryAllByDisplayValue": [Function],
  "queryAllByLabelText": [Function],
  "queryAllByPlaceholderText": [Function],
  "queryAllByRole": [Function],
  "queryAllBySelectText": [Function],
  "queryAllByTestId": [Function],
  "queryAllByText": [Function],
  "queryAllByTitle": [Function],
  "queryAllByValue": [Function],
  "queryByAltText": [Function],
  "queryByDisplayValue": [Function],
  "queryByLabelText": [Function],
  "queryByPlaceholderText": [Function],
  "queryByRole": [Function],
  "queryBySelectText": [Function],
  "queryByTestId": [Function],
  "queryByText": [Function],
  "queryByTitle": [Function],
  "queryByValue": [Function],
  "rerender": [Function],
  "unmount": [Function],
}
`;
