// Jest Snapshot v1, https://goo.gl/fbAQLP

exports[`Sidebar renders correctly 1`] = `
Object {
  "asFragment": [Function],
  "baseElement": <body>
    <div>
      <div
        class="makeStyles-root-1"
      >
        <ul
          class="makeStyles-list-3"
        >
          <li
            class="makeStyles-homeLink-11"
          >
            <a
              class="makeStyles-button-4 zep-typo--normal-body1 zep-button--full"
              href="/"
            >
              Home
            </a>
          </li>
          <li
            class=""
          >
            <button
              class="makeStyles-button-4 zep-typo--normal-body1 zep-button--full makeStyles-button-12"
            >
              Getting started
              <svg
                aria-labelledby="title_chevronDown"
                class="makeStyles-icon-8 makeStyles-iconReset-10"
                height="20"
                viewBox="0 0 32 32"
                width="20"
                xmlns="http://www.w3.org/2000/svg"
              >
                <title
                  id="title_chevronDown"
                >
                  Chevron Down
                </title>
                <polygon
                  fill="currentColor"
                  points="7.41 8.58 12 13.17 16.59 8.58 18 10 12 16 6 10"
                />
              </svg>
            </button>
          </li>
          <li
            class=""
          >
            <button
              class="makeStyles-button-4 zep-typo--normal-body1 zep-button--full makeStyles-button-12"
            >
              Guidelines
              <svg
                aria-labelledby="title_chevronDown"
                class="makeStyles-icon-8 makeStyles-iconReset-10"
                height="20"
                viewBox="0 0 32 32"
                width="20"
                xmlns="http://www.w3.org/2000/svg"
              >
                <title
                  id="title_chevronDown"
                >
                  Chevron Down
                </title>
                <polygon
                  fill="currentColor"
                  points="7.41 8.58 12 13.17 16.59 8.58 18 10 12 16 6 10"
                />
              </svg>
            </button>
          </li>
          <li
            class=""
          >
            <button
              class="makeStyles-button-4 zep-typo--normal-body1 zep-button--full makeStyles-button-12"
            >
              Elements
              <svg
                aria-labelledby="title_chevronDown"
                class="makeStyles-icon-8 makeStyles-iconReset-10"
                height="20"
                viewBox="0 0 32 32"
                width="20"
                xmlns="http://www.w3.org/2000/svg"
              >
                <title
                  id="title_chevronDown"
                >
                  Chevron Down
                </title>
                <polygon
                  fill="currentColor"
                  points="7.41 8.58 12 13.17 16.59 8.58 18 10 12 16 6 10"
                />
              </svg>
            </button>
          </li>
          <li
            class=""
          >
            <button
              class="makeStyles-button-4 zep-typo--normal-body1 zep-button--full makeStyles-button-12"
            >
              zel-react
              <svg
                aria-labelledby="title_chevronDown"
                class="makeStyles-icon-8 makeStyles-iconReset-10"
                height="20"
                viewBox="0 0 32 32"
                width="20"
                xmlns="http://www.w3.org/2000/svg"
              >
                <title
                  id="title_chevronDown"
                >
                  Chevron Down
                </title>
                <polygon
                  fill="currentColor"
                  points="7.41 8.58 12 13.17 16.59 8.58 18 10 12 16 6 10"
                />
              </svg>
            </button>
          </li>
          <li
            class=""
          >
            <button
              class="makeStyles-button-4 zep-typo--normal-body1 zep-button--full makeStyles-button-12"
            >
              zel-react-icons
              <svg
                aria-labelledby="title_chevronDown"
                class="makeStyles-icon-8 makeStyles-iconReset-10"
                height="20"
                viewBox="0 0 32 32"
                width="20"
                xmlns="http://www.w3.org/2000/svg"
              >
                <title
                  id="title_chevronDown"
                >
                  Chevron Down
                </title>
                <polygon
                  fill="currentColor"
                  points="7.41 8.58 12 13.17 16.59 8.58 18 10 12 16 6 10"
                />
              </svg>
            </button>
          </li>
          <li
            class=""
          >
            <button
              class="makeStyles-button-4 zep-typo--normal-body1 zep-button--full makeStyles-button-12"
            >
              zel-vue
              <svg
                aria-labelledby="title_chevronDown"
                class="makeStyles-icon-8 makeStyles-iconReset-10"
                height="20"
                viewBox="0 0 32 32"
                width="20"
                xmlns="http://www.w3.org/2000/svg"
              >
                <title
                  id="title_chevronDown"
                >
                  Chevron Down
                </title>
                <polygon
                  fill="currentColor"
                  points="7.41 8.58 12 13.17 16.59 8.58 18 10 12 16 6 10"
                />
              </svg>
            </button>
          </li>
          <li
            class=""
          >
            <button
              class="makeStyles-button-4 zep-typo--normal-body1 zep-button--full makeStyles-button-12"
            >
              zel-vue-icons
              <svg
                aria-labelledby="title_chevronDown"
                class="makeStyles-icon-8 makeStyles-iconReset-10"
                height="20"
                viewBox="0 0 32 32"
                width="20"
                xmlns="http://www.w3.org/2000/svg"
              >
                <title
                  id="title_chevronDown"
                >
                  Chevron Down
                </title>
                <polygon
                  fill="currentColor"
                  points="7.41 8.58 12 13.17 16.59 8.58 18 10 12 16 6 10"
                />
              </svg>
            </button>
          </li>
          <li
            class=""
          >
            <button
              class="makeStyles-button-4 zep-typo--normal-body1 zep-button--full makeStyles-button-12"
            >
              Changelog
              <svg
                aria-labelledby="title_chevronDown"
                class="makeStyles-icon-8 makeStyles-iconReset-10"
                height="20"
                viewBox="0 0 32 32"
                width="20"
                xmlns="http://www.w3.org/2000/svg"
              >
                <title
                  id="title_chevronDown"
                >
                  Chevron Down
                </title>
                <polygon
                  fill="currentColor"
                  points="7.41 8.58 12 13.17 16.59 8.58 18 10 12 16 6 10"
                />
              </svg>
            </button>
          </li>
          <li
            class=""
          >
            <a
              class="makeStyles-button-4 zep-typo--normal-body1 zep-button--full"
              href="/content/download/"
            >
              Download
            </a>
          </li>
          <li
            class=""
          >
            <a
              alt="v0"
              class="makeStyles-button-4 zep-typo--normal-body1 zep-button--full"
              href="https://v0-zds.zepdev.net/"
              rel="noopener norefferer"
              target="_blank"
            >
              v0
            </a>
          </li>
        </ul>
      </div>
    </div>
  </body>,
  "container": <div>
    <div
      class="makeStyles-root-1"
    >
      <ul
        class="makeStyles-list-3"
      >
        <li
          class="makeStyles-homeLink-11"
        >
          <a
            class="makeStyles-button-4 zep-typo--normal-body1 zep-button--full"
            href="/"
          >
            Home
          </a>
        </li>
        <li
          class=""
        >
          <button
            class="makeStyles-button-4 zep-typo--normal-body1 zep-button--full makeStyles-button-12"
          >
            Getting started
            <svg
              aria-labelledby="title_chevronDown"
              class="makeStyles-icon-8 makeStyles-iconReset-10"
              height="20"
              viewBox="0 0 32 32"
              width="20"
              xmlns="http://www.w3.org/2000/svg"
            >
              <title
                id="title_chevronDown"
              >
                Chevron Down
              </title>
              <polygon
                fill="currentColor"
                points="7.41 8.58 12 13.17 16.59 8.58 18 10 12 16 6 10"
              />
            </svg>
          </button>
        </li>
        <li
          class=""
        >
          <button
            class="makeStyles-button-4 zep-typo--normal-body1 zep-button--full makeStyles-button-12"
          >
            Guidelines
            <svg
              aria-labelledby="title_chevronDown"
              class="makeStyles-icon-8 makeStyles-iconReset-10"
              height="20"
              viewBox="0 0 32 32"
              width="20"
              xmlns="http://www.w3.org/2000/svg"
            >
              <title
                id="title_chevronDown"
              >
                Chevron Down
              </title>
              <polygon
                fill="currentColor"
                points="7.41 8.58 12 13.17 16.59 8.58 18 10 12 16 6 10"
              />
            </svg>
          </button>
        </li>
        <li
          class=""
        >
          <button
            class="makeStyles-button-4 zep-typo--normal-body1 zep-button--full makeStyles-button-12"
          >
            Elements
            <svg
              aria-labelledby="title_chevronDown"
              class="makeStyles-icon-8 makeStyles-iconReset-10"
              height="20"
              viewBox="0 0 32 32"
              width="20"
              xmlns="http://www.w3.org/2000/svg"
            >
              <title
                id="title_chevronDown"
              >
                Chevron Down
              </title>
              <polygon
                fill="currentColor"
                points="7.41 8.58 12 13.17 16.59 8.58 18 10 12 16 6 10"
              />
            </svg>
          </button>
        </li>
        <li
          class=""
        >
          <button
            class="makeStyles-button-4 zep-typo--normal-body1 zep-button--full makeStyles-button-12"
          >
            zel-react
            <svg
              aria-labelledby="title_chevronDown"
              class="makeStyles-icon-8 makeStyles-iconReset-10"
              height="20"
              viewBox="0 0 32 32"
              width="20"
              xmlns="http://www.w3.org/2000/svg"
            >
              <title
                id="title_chevronDown"
              >
                Chevron Down
              </title>
              <polygon
                fill="currentColor"
                points="7.41 8.58 12 13.17 16.59 8.58 18 10 12 16 6 10"
              />
            </svg>
          </button>
        </li>
        <li
          class=""
        >
          <button
            class="makeStyles-button-4 zep-typo--normal-body1 zep-button--full makeStyles-button-12"
          >
            zel-react-icons
            <svg
              aria-labelledby="title_chevronDown"
              class="makeStyles-icon-8 makeStyles-iconReset-10"
              height="20"
              viewBox="0 0 32 32"
              width="20"
              xmlns="http://www.w3.org/2000/svg"
            >
              <title
                id="title_chevronDown"
              >
                Chevron Down
              </title>
              <polygon
                fill="currentColor"
                points="7.41 8.58 12 13.17 16.59 8.58 18 10 12 16 6 10"
              />
            </svg>
          </button>
        </li>
        <li
          class=""
        >
          <button
            class="makeStyles-button-4 zep-typo--normal-body1 zep-button--full makeStyles-button-12"
          >
            zel-vue
            <svg
              aria-labelledby="title_chevronDown"
              class="makeStyles-icon-8 makeStyles-iconReset-10"
              height="20"
              viewBox="0 0 32 32"
              width="20"
              xmlns="http://www.w3.org/2000/svg"
            >
              <title
                id="title_chevronDown"
              >
                Chevron Down
              </title>
              <polygon
                fill="currentColor"
                points="7.41 8.58 12 13.17 16.59 8.58 18 10 12 16 6 10"
              />
            </svg>
          </button>
        </li>
        <li
          class=""
        >
          <button
            class="makeStyles-button-4 zep-typo--normal-body1 zep-button--full makeStyles-button-12"
          >
            zel-vue-icons
            <svg
              aria-labelledby="title_chevronDown"
              class="makeStyles-icon-8 makeStyles-iconReset-10"
              height="20"
              viewBox="0 0 32 32"
              width="20"
              xmlns="http://www.w3.org/2000/svg"
            >
              <title
                id="title_chevronDown"
              >
                Chevron Down
              </title>
              <polygon
                fill="currentColor"
                points="7.41 8.58 12 13.17 16.59 8.58 18 10 12 16 6 10"
              />
            </svg>
          </button>
        </li>
        <li
          class=""
        >
          <button
            class="makeStyles-button-4 zep-typo--normal-body1 zep-button--full makeStyles-button-12"
          >
            Changelog
            <svg
              aria-labelledby="title_chevronDown"
              class="makeStyles-icon-8 makeStyles-iconReset-10"
              height="20"
              viewBox="0 0 32 32"
              width="20"
              xmlns="http://www.w3.org/2000/svg"
            >
              <title
                id="title_chevronDown"
              >
                Chevron Down
              </title>
              <polygon
                fill="currentColor"
                points="7.41 8.58 12 13.17 16.59 8.58 18 10 12 16 6 10"
              />
            </svg>
          </button>
        </li>
        <li
          class=""
        >
          <a
            class="makeStyles-button-4 zep-typo--normal-body1 zep-button--full"
            href="/content/download/"
          >
            Download
          </a>
        </li>
        <li
          class=""
        >
          <a
            alt="v0"
            class="makeStyles-button-4 zep-typo--normal-body1 zep-button--full"
            href="https://v0-zds.zepdev.net/"
            rel="noopener norefferer"
            target="_blank"
          >
            v0
          </a>
        </li>
      </ul>
    </div>
  </div>,
  "debug": [Function],
  "findAllByAltText": [Function],
  "findAllByDisplayValue": [Function],
  "findAllByLabelText": [Function],
  "findAllByPlaceholderText": [Function],
  "findAllByRole": [Function],
  "findAllByTestId": [Function],
  "findAllByText": [Function],
  "findAllByTitle": [Function],
  "findByAltText": [Function],
  "findByDisplayValue": [Function],
  "findByLabelText": [Function],
  "findByPlaceholderText": [Function],
  "findByRole": [Function],
  "findByTestId": [Function],
  "findByText": [Function],
  "findByTitle": [Function],
  "getAllByAltText": [Function],
  "getAllByDisplayValue": [Function],
  "getAllByLabelText": [Function],
  "getAllByPlaceholderText": [Function],
  "getAllByRole": [Function],
  "getAllByTestId": [Function],
  "getAllByText": [Function],
  "getAllByTitle": [Function],
  "getByAltText": [Function],
  "getByDisplayValue": [Function],
  "getByLabelText": [Function],
  "getByPlaceholderText": [Function],
  "getByRole": [Function],
  "getByTestId": [Function],
  "getByText": [Function],
  "getByTitle": [Function],
  "queryAllByAltText": [Function],
  "queryAllByDisplayValue": [Function],
  "queryAllByLabelText": [Function],
  "queryAllByPlaceholderText": [Function],
  "queryAllByRole": [Function],
  "queryAllByTestId": [Function],
  "queryAllByText": [Function],
  "queryAllByTitle": [Function],
  "queryByAltText": [Function],
  "queryByDisplayValue": [Function],
  "queryByLabelText": [Function],
  "queryByPlaceholderText": [Function],
  "queryByRole": [Function],
  "queryByTestId": [Function],
  "queryByText": [Function],
  "queryByTitle": [Function],
  "rerender": [Function],
  "unmount": [Function],
}
`;
