// Jest Snapshot v1, https://goo.gl/fbAQLP

exports[`Swatch renders correctly 1`] = `
Object {
  "asFragment": [Function],
  "baseElement": <body>
    <div>
      <div
        class="Swatch-root-0-1-1 Swatch-quarter-0-1-3"
      >
        <button
          class="ButtonBase-button-0-1-11 zep-button Swatch-button-0-1-4"
          style="background: rgb(255, 255, 255);"
        >
          <span
            class="Swatch-backdrop-0-1-5"
          />
          <span
            class="Swatch-backdropContent-0-1-6"
          >
            <svg
              aria-labelledby="title"
              class="Swatch-icon-0-1-7"
              height="32"
              viewBox="0 0 24 24"
              width="32"
              xmlns="http://www.w3.org/2000/svg"
            >
              <title
                id="title_copy"
              >
                Copy Icon
              </title>
              <path
                d="M0 0h24v24H0V0z"
                fill="none"
              />
              <path
                d="M16 1H4c-1.1 0-2 .9-2 2v14h2V3h12V1zm-1 4H8c-1.1 0-1.99.9-1.99 2L6 21c0 1.1.89 2 1.99 2H19c1.1 0 2-.9 2-2V11l-6-6zM8 21V7h6v5h5v9H8z"
                fill="currentColor"
              />
            </svg>
            <span
              class="Swatch-buttonText-0-1-8"
              data-testid="swatch-text"
            >
              #fff
            </span>
          </span>
        </button>
        <p
          class="Swatch-name-0-1-10 zep-typo--normal-2"
        >
          name
        </p>
        <p
          class="Swatch-text-0-1-9 zep-typo--normal-1"
        >
          HEX: #fff
        </p>
      </div>
    </div>
  </body>,
  "container": <div>
    <div
      class="Swatch-root-0-1-1 Swatch-quarter-0-1-3"
    >
      <button
        class="ButtonBase-button-0-1-11 zep-button Swatch-button-0-1-4"
        style="background: rgb(255, 255, 255);"
      >
        <span
          class="Swatch-backdrop-0-1-5"
        />
        <span
          class="Swatch-backdropContent-0-1-6"
        >
          <svg
            aria-labelledby="title"
            class="Swatch-icon-0-1-7"
            height="32"
            viewBox="0 0 24 24"
            width="32"
            xmlns="http://www.w3.org/2000/svg"
          >
            <title
              id="title_copy"
            >
              Copy Icon
            </title>
            <path
              d="M0 0h24v24H0V0z"
              fill="none"
            />
            <path
              d="M16 1H4c-1.1 0-2 .9-2 2v14h2V3h12V1zm-1 4H8c-1.1 0-1.99.9-1.99 2L6 21c0 1.1.89 2 1.99 2H19c1.1 0 2-.9 2-2V11l-6-6zM8 21V7h6v5h5v9H8z"
              fill="currentColor"
            />
          </svg>
          <span
            class="Swatch-buttonText-0-1-8"
            data-testid="swatch-text"
          >
            #fff
          </span>
        </span>
      </button>
      <p
        class="Swatch-name-0-1-10 zep-typo--normal-2"
      >
        name
      </p>
      <p
        class="Swatch-text-0-1-9 zep-typo--normal-1"
      >
        HEX: #fff
      </p>
    </div>
  </div>,
  "debug": [Function],
  "findAllByAltText": [Function],
  "findAllByDisplayValue": [Function],
  "findAllByLabelText": [Function],
  "findAllByPlaceholderText": [Function],
  "findAllByRole": [Function],
  "findAllByTestId": [Function],
  "findAllByText": [Function],
  "findAllByTitle": [Function],
  "findByAltText": [Function],
  "findByDisplayValue": [Function],
  "findByLabelText": [Function],
  "findByPlaceholderText": [Function],
  "findByRole": [Function],
  "findByTestId": [Function],
  "findByText": [Function],
  "findByTitle": [Function],
  "getAllByAltText": [Function],
  "getAllByDisplayValue": [Function],
  "getAllByLabelText": [Function],
  "getAllByPlaceholderText": [Function],
  "getAllByRole": [Function],
  "getAllBySelectText": [Function],
  "getAllByTestId": [Function],
  "getAllByText": [Function],
  "getAllByTitle": [Function],
  "getAllByValue": [Function],
  "getByAltText": [Function],
  "getByDisplayValue": [Function],
  "getByLabelText": [Function],
  "getByPlaceholderText": [Function],
  "getByRole": [Function],
  "getBySelectText": [Function],
  "getByTestId": [Function],
  "getByText": [Function],
  "getByTitle": [Function],
  "getByValue": [Function],
  "queryAllByAltText": [Function],
  "queryAllByDisplayValue": [Function],
  "queryAllByLabelText": [Function],
  "queryAllByPlaceholderText": [Function],
  "queryAllByRole": [Function],
  "queryAllBySelectText": [Function],
  "queryAllByTestId": [Function],
  "queryAllByText": [Function],
  "queryAllByTitle": [Function],
  "queryAllByValue": [Function],
  "queryByAltText": [Function],
  "queryByDisplayValue": [Function],
  "queryByLabelText": [Function],
  "queryByPlaceholderText": [Function],
  "queryByRole": [Function],
  "queryBySelectText": [Function],
  "queryByTestId": [Function],
  "queryByText": [Function],
  "queryByTitle": [Function],
  "queryByValue": [Function],
  "rerender": [Function],
  "unmount": [Function],
}
`;
