// Jest Snapshot v1, https://goo.gl/fbAQLP

exports[`GridPage renders correctly 1`] = `
Object {
  "asFragment": [Function],
  "baseElement": <body>
    <div>
      <div
        class="Grid-demoGrid-0-1-1 zep-grid"
      >
        <div
          class="Grid-demoGridRow-0-1-2 zep-grid__row"
        >
          <div
            class="Grid-demoGridCol-0-1-3 zep-grid__col zep-grid__col--xxs-1-4 zep-grid__col--xs-1-6 zep-grid__col--m-2-8 zep-grid__col--l-3-12"
            style="padding-top: 40px;"
          >
            Column 1-1
            <br />
            with more than one line
            <br />
            of text in this column
          </div>
          <div
            class="Grid-demoGridCol-0-1-3 zep-grid__col zep-grid__col--xxs-1-4 zep-grid__col--xs-2-6 zep-grid__col--m-2-8 zep-grid__col--l-3-12 zep-grid__col--align-self-flex-start"
          >
            Column 1-2 / flex-start
          </div>
          <div
            class="Grid-demoGridCol-0-1-3 zep-grid__col zep-grid__col--xxs-1-4 zep-grid__col--xs-1-6 zep-grid__col--m-2-8 zep-grid__col--l-3-12 zep-grid__col--align-self-center"
          >
            Column 1-3 / center
          </div>
          <div
            class="Grid-demoGridCol-0-1-3 zep-grid__col zep-grid__col--xxs-1-4 zep-grid__col--xs-2-6 zep-grid__col--m-2-8 zep-grid__col--l-3-12 zep-grid__col--align-self-flex-end"
          >
            Column 1-4 / flex-end
          </div>
        </div>
      </div>
    </div>
  </body>,
  "container": <div>
    <div
      class="Grid-demoGrid-0-1-1 zep-grid"
    >
      <div
        class="Grid-demoGridRow-0-1-2 zep-grid__row"
      >
        <div
          class="Grid-demoGridCol-0-1-3 zep-grid__col zep-grid__col--xxs-1-4 zep-grid__col--xs-1-6 zep-grid__col--m-2-8 zep-grid__col--l-3-12"
          style="padding-top: 40px;"
        >
          Column 1-1
          <br />
          with more than one line
          <br />
          of text in this column
        </div>
        <div
          class="Grid-demoGridCol-0-1-3 zep-grid__col zep-grid__col--xxs-1-4 zep-grid__col--xs-2-6 zep-grid__col--m-2-8 zep-grid__col--l-3-12 zep-grid__col--align-self-flex-start"
        >
          Column 1-2 / flex-start
        </div>
        <div
          class="Grid-demoGridCol-0-1-3 zep-grid__col zep-grid__col--xxs-1-4 zep-grid__col--xs-1-6 zep-grid__col--m-2-8 zep-grid__col--l-3-12 zep-grid__col--align-self-center"
        >
          Column 1-3 / center
        </div>
        <div
          class="Grid-demoGridCol-0-1-3 zep-grid__col zep-grid__col--xxs-1-4 zep-grid__col--xs-2-6 zep-grid__col--m-2-8 zep-grid__col--l-3-12 zep-grid__col--align-self-flex-end"
        >
          Column 1-4 / flex-end
        </div>
      </div>
    </div>
  </div>,
  "debug": [Function],
  "findAllByAltText": [Function],
  "findAllByDisplayValue": [Function],
  "findAllByLabelText": [Function],
  "findAllByPlaceholderText": [Function],
  "findAllByRole": [Function],
  "findAllByTestId": [Function],
  "findAllByText": [Function],
  "findAllByTitle": [Function],
  "findByAltText": [Function],
  "findByDisplayValue": [Function],
  "findByLabelText": [Function],
  "findByPlaceholderText": [Function],
  "findByRole": [Function],
  "findByTestId": [Function],
  "findByText": [Function],
  "findByTitle": [Function],
  "getAllByAltText": [Function],
  "getAllByDisplayValue": [Function],
  "getAllByLabelText": [Function],
  "getAllByPlaceholderText": [Function],
  "getAllByRole": [Function],
  "getAllByTestId": [Function],
  "getAllByText": [Function],
  "getAllByTitle": [Function],
  "getByAltText": [Function],
  "getByDisplayValue": [Function],
  "getByLabelText": [Function],
  "getByPlaceholderText": [Function],
  "getByRole": [Function],
  "getByTestId": [Function],
  "getByText": [Function],
  "getByTitle": [Function],
  "queryAllByAltText": [Function],
  "queryAllByDisplayValue": [Function],
  "queryAllByLabelText": [Function],
  "queryAllByPlaceholderText": [Function],
  "queryAllByRole": [Function],
  "queryAllByTestId": [Function],
  "queryAllByText": [Function],
  "queryAllByTitle": [Function],
  "queryByAltText": [Function],
  "queryByDisplayValue": [Function],
  "queryByLabelText": [Function],
  "queryByPlaceholderText": [Function],
  "queryByRole": [Function],
  "queryByTestId": [Function],
  "queryByText": [Function],
  "queryByTitle": [Function],
  "rerender": [Function],
  "unmount": [Function],
}
`;
