// Jest Snapshot v1, https://goo.gl/fbAQLP

exports[`ElementStyles renders correctly 1`] = `
Object {
  "asFragment": [Function],
  "baseElement": <body>
    <div>
      <p
        class="Headline-text-0-1-1 zep-typo--normal-4"
      >
        Typography
      </p>
      <div
        class="Table-root-0-1-2"
      >
        <table
          class="Table-table-0-1-3"
        >
          <caption
            class="zep-visually-hidden"
          >
            typography
          </caption>
          <thead
            class="Table-header-0-1-7"
          >
            <tr
              class="Table-tr-0-1-5"
            >
              <th
                class="Table-th-0-1-4 zep-typo--normal-1 Table-capitalize-0-1-9"
                scope="col"
              >
                name
              </th>
              <th
                class="Table-th-0-1-4 zep-typo--normal-1 Table-lowercase-0-1-8"
                scope="col"
              >
                px
              </th>
              <th
                class="Table-th-0-1-4 zep-typo--normal-1 Table-lowercase-0-1-8"
                scope="col"
              >
                rem
              </th>
              <th
                class="Table-th-0-1-4 zep-typo--normal-1 Table-capitalize-0-1-9"
                scope="col"
              >
                specifications
              </th>
              <th
                class="Table-th-0-1-4 zep-typo--normal-1 Table-capitalize-0-1-9"
                scope="col"
              >
                actual size
              </th>
            </tr>
          </thead>
          <tbody
            class="Table-tbody-0-1-6"
          >
            <tr
              class="Table-tr-0-1-5"
            >
              <td
                class="Table-th-0-1-4 Table-borderBottom-0-1-10 zep-typo--normal-2"
                scope="row"
              >
                zep-typo--special-4
              </td>
              <td
                class="Table-th-0-1-4 Table-borderBottom-0-1-10 zep-typo--normal-2"
              >
                24px
              </td>
              <td
                class="Table-th-0-1-4 Table-borderBottom-0-1-10 zep-typo--normal-2"
              >
                1.5rem
              </td>
              <td
                class="Table-th-0-1-4 Table-borderBottom-0-1-10 zep-typo--normal-2"
              >
                <span>
                  <p
                    class="zep-typo--normal-2"
                  >
                    font-family: "Teko"
                  </p>
                  <p
                    class="zep-typo--normal-2"
                  >
                    font-weight: 400 (regular)
                  </p>
                  <p
                    class="zep-typo--normal-2"
                  >
                    line-height: 1.5 (24px)
                  </p>
                  <p
                    class="zep-typo--normal-2"
                  >
                    text-transform: uppercase
                  </p>
                </span>
              </td>
              <td
                class="Table-th-0-1-4 Table-borderBottom-0-1-10 zep-typo--special-4"
              >
                lorem ipsum
              </td>
            </tr>
          </tbody>
        </table>
      </div>
      <p
        class="Headline-text-0-1-1 zep-typo--normal-4"
      >
        Colors
      </p>
      <div
        class="Table-root-0-1-2"
      >
        <table
          class="Table-table-0-1-3"
        >
          <caption
            class="zep-visually-hidden"
          >
            typography
          </caption>
          <thead
            class="Table-header-0-1-7"
          >
            <tr
              class="Table-tr-0-1-5"
            >
              <th
                class="Table-th-0-1-4 zep-typo--normal-1 Table-capitalize-0-1-9"
                scope="col"
              >
                name
              </th>
              <th
                class="Table-th-0-1-4 zep-typo--normal-1 Table-capitalize-0-1-9"
                scope="col"
              >
                property
              </th>
              <th
                class="Table-th-0-1-4 zep-typo--normal-1 Table-capitalize-0-1-9"
                scope="col"
              >
                zeppelin
              </th>
              <th
                class="Table-th-0-1-4 zep-typo--normal-1 Table-capitalize-0-1-9"
                scope="col"
              >
                cat
              </th>
              <th
                class="Table-th-0-1-4 zep-typo--normal-1 Table-capitalize-0-1-9"
                scope="col"
              >
                rental
              </th>
            </tr>
          </thead>
        </table>
      </div>
      <p
        class="Headline-text-0-1-1 zep-typo--normal-4"
      >
        Structure
      </p>
      <div
        class="Structure-root-0-1-11"
      >
        <img
          src="test-file-stub"
        />
      </div>
      <div
        class="Table-root-0-1-2"
      >
        <table
          class="Table-table-0-1-3"
        >
          <caption
            class="zep-visually-hidden"
          >
            structure
          </caption>
          <thead
            class="Table-header-0-1-7"
          >
            <tr
              class="Table-tr-0-1-5"
            >
              <th
                class="Table-th-0-1-4 zep-typo--normal-1 Table-capitalize-0-1-9"
                scope="col"
              >
                name
              </th>
              <th
                class="Table-th-0-1-4 zep-typo--normal-1 Table-capitalize-0-1-9"
                scope="col"
              >
                property
              </th>
              <th
                class="Table-th-0-1-4 zep-typo--normal-1 Table-lowercase-0-1-8"
                scope="col"
              >
                px
              </th>
              <th
                class="Table-th-0-1-4 zep-typo--normal-1 Table-lowercase-0-1-8"
                scope="col"
              >
                rem
              </th>
            </tr>
          </thead>
          <tbody
            class="Table-tbody-0-1-6"
          >
            <tr
              class="Table-tr-0-1-5"
            >
              <td
                class="Table-th-0-1-4 Table-borderBottom-0-1-10 zep-typo--normal-2"
                scope="row"
              >
                btn-height
              </td>
              <td
                class="Table-th-0-1-4 Table-borderBottom-0-1-10 zep-typo--normal-2"
              >
                height
              </td>
              <td
                class="Table-th-0-1-4 Table-borderBottom-0-1-10 zep-typo--normal-2"
              >
                48px
              </td>
              <td
                class="Table-th-0-1-4 Table-borderBottom-0-1-10 zep-typo--normal-2"
              >
                3rem
              </td>
            </tr>
            <tr
              class="Table-tr-0-1-5"
            >
              <td
                class="Table-th-0-1-4 Table-borderBottom-0-1-10 zep-typo--normal-2"
                scope="row"
              >
                btn-padding
              </td>
              <td
                class="Table-th-0-1-4 Table-borderBottom-0-1-10 zep-typo--normal-2"
              >
                padding
              </td>
              <td
                class="Table-th-0-1-4 Table-borderBottom-0-1-10 zep-typo--normal-2"
              >
                16px, 18px
              </td>
              <td
                class="Table-th-0-1-4 Table-borderBottom-0-1-10 zep-typo--normal-2"
              >
                1rem, 1.125rem
              </td>
            </tr>
          </tbody>
        </table>
      </div>
    </div>
  </body>,
  "container": <div>
    <p
      class="Headline-text-0-1-1 zep-typo--normal-4"
    >
      Typography
    </p>
    <div
      class="Table-root-0-1-2"
    >
      <table
        class="Table-table-0-1-3"
      >
        <caption
          class="zep-visually-hidden"
        >
          typography
        </caption>
        <thead
          class="Table-header-0-1-7"
        >
          <tr
            class="Table-tr-0-1-5"
          >
            <th
              class="Table-th-0-1-4 zep-typo--normal-1 Table-capitalize-0-1-9"
              scope="col"
            >
              name
            </th>
            <th
              class="Table-th-0-1-4 zep-typo--normal-1 Table-lowercase-0-1-8"
              scope="col"
            >
              px
            </th>
            <th
              class="Table-th-0-1-4 zep-typo--normal-1 Table-lowercase-0-1-8"
              scope="col"
            >
              rem
            </th>
            <th
              class="Table-th-0-1-4 zep-typo--normal-1 Table-capitalize-0-1-9"
              scope="col"
            >
              specifications
            </th>
            <th
              class="Table-th-0-1-4 zep-typo--normal-1 Table-capitalize-0-1-9"
              scope="col"
            >
              actual size
            </th>
          </tr>
        </thead>
        <tbody
          class="Table-tbody-0-1-6"
        >
          <tr
            class="Table-tr-0-1-5"
          >
            <td
              class="Table-th-0-1-4 Table-borderBottom-0-1-10 zep-typo--normal-2"
              scope="row"
            >
              zep-typo--special-4
            </td>
            <td
              class="Table-th-0-1-4 Table-borderBottom-0-1-10 zep-typo--normal-2"
            >
              24px
            </td>
            <td
              class="Table-th-0-1-4 Table-borderBottom-0-1-10 zep-typo--normal-2"
            >
              1.5rem
            </td>
            <td
              class="Table-th-0-1-4 Table-borderBottom-0-1-10 zep-typo--normal-2"
            >
              <span>
                <p
                  class="zep-typo--normal-2"
                >
                  font-family: "Teko"
                </p>
                <p
                  class="zep-typo--normal-2"
                >
                  font-weight: 400 (regular)
                </p>
                <p
                  class="zep-typo--normal-2"
                >
                  line-height: 1.5 (24px)
                </p>
                <p
                  class="zep-typo--normal-2"
                >
                  text-transform: uppercase
                </p>
              </span>
            </td>
            <td
              class="Table-th-0-1-4 Table-borderBottom-0-1-10 zep-typo--special-4"
            >
              lorem ipsum
            </td>
          </tr>
        </tbody>
      </table>
    </div>
    <p
      class="Headline-text-0-1-1 zep-typo--normal-4"
    >
      Colors
    </p>
    <div
      class="Table-root-0-1-2"
    >
      <table
        class="Table-table-0-1-3"
      >
        <caption
          class="zep-visually-hidden"
        >
          typography
        </caption>
        <thead
          class="Table-header-0-1-7"
        >
          <tr
            class="Table-tr-0-1-5"
          >
            <th
              class="Table-th-0-1-4 zep-typo--normal-1 Table-capitalize-0-1-9"
              scope="col"
            >
              name
            </th>
            <th
              class="Table-th-0-1-4 zep-typo--normal-1 Table-capitalize-0-1-9"
              scope="col"
            >
              property
            </th>
            <th
              class="Table-th-0-1-4 zep-typo--normal-1 Table-capitalize-0-1-9"
              scope="col"
            >
              zeppelin
            </th>
            <th
              class="Table-th-0-1-4 zep-typo--normal-1 Table-capitalize-0-1-9"
              scope="col"
            >
              cat
            </th>
            <th
              class="Table-th-0-1-4 zep-typo--normal-1 Table-capitalize-0-1-9"
              scope="col"
            >
              rental
            </th>
          </tr>
        </thead>
      </table>
    </div>
    <p
      class="Headline-text-0-1-1 zep-typo--normal-4"
    >
      Structure
    </p>
    <div
      class="Structure-root-0-1-11"
    >
      <img
        src="test-file-stub"
      />
    </div>
    <div
      class="Table-root-0-1-2"
    >
      <table
        class="Table-table-0-1-3"
      >
        <caption
          class="zep-visually-hidden"
        >
          structure
        </caption>
        <thead
          class="Table-header-0-1-7"
        >
          <tr
            class="Table-tr-0-1-5"
          >
            <th
              class="Table-th-0-1-4 zep-typo--normal-1 Table-capitalize-0-1-9"
              scope="col"
            >
              name
            </th>
            <th
              class="Table-th-0-1-4 zep-typo--normal-1 Table-capitalize-0-1-9"
              scope="col"
            >
              property
            </th>
            <th
              class="Table-th-0-1-4 zep-typo--normal-1 Table-lowercase-0-1-8"
              scope="col"
            >
              px
            </th>
            <th
              class="Table-th-0-1-4 zep-typo--normal-1 Table-lowercase-0-1-8"
              scope="col"
            >
              rem
            </th>
          </tr>
        </thead>
        <tbody
          class="Table-tbody-0-1-6"
        >
          <tr
            class="Table-tr-0-1-5"
          >
            <td
              class="Table-th-0-1-4 Table-borderBottom-0-1-10 zep-typo--normal-2"
              scope="row"
            >
              btn-height
            </td>
            <td
              class="Table-th-0-1-4 Table-borderBottom-0-1-10 zep-typo--normal-2"
            >
              height
            </td>
            <td
              class="Table-th-0-1-4 Table-borderBottom-0-1-10 zep-typo--normal-2"
            >
              48px
            </td>
            <td
              class="Table-th-0-1-4 Table-borderBottom-0-1-10 zep-typo--normal-2"
            >
              3rem
            </td>
          </tr>
          <tr
            class="Table-tr-0-1-5"
          >
            <td
              class="Table-th-0-1-4 Table-borderBottom-0-1-10 zep-typo--normal-2"
              scope="row"
            >
              btn-padding
            </td>
            <td
              class="Table-th-0-1-4 Table-borderBottom-0-1-10 zep-typo--normal-2"
            >
              padding
            </td>
            <td
              class="Table-th-0-1-4 Table-borderBottom-0-1-10 zep-typo--normal-2"
            >
              16px, 18px
            </td>
            <td
              class="Table-th-0-1-4 Table-borderBottom-0-1-10 zep-typo--normal-2"
            >
              1rem, 1.125rem
            </td>
          </tr>
        </tbody>
      </table>
    </div>
  </div>,
  "debug": [Function],
  "findAllByAltText": [Function],
  "findAllByDisplayValue": [Function],
  "findAllByLabelText": [Function],
  "findAllByPlaceholderText": [Function],
  "findAllByRole": [Function],
  "findAllByTestId": [Function],
  "findAllByText": [Function],
  "findAllByTitle": [Function],
  "findByAltText": [Function],
  "findByDisplayValue": [Function],
  "findByLabelText": [Function],
  "findByPlaceholderText": [Function],
  "findByRole": [Function],
  "findByTestId": [Function],
  "findByText": [Function],
  "findByTitle": [Function],
  "getAllByAltText": [Function],
  "getAllByDisplayValue": [Function],
  "getAllByLabelText": [Function],
  "getAllByPlaceholderText": [Function],
  "getAllByRole": [Function],
  "getAllBySelectText": [Function],
  "getAllByTestId": [Function],
  "getAllByText": [Function],
  "getAllByTitle": [Function],
  "getAllByValue": [Function],
  "getByAltText": [Function],
  "getByDisplayValue": [Function],
  "getByLabelText": [Function],
  "getByPlaceholderText": [Function],
  "getByRole": [Function],
  "getBySelectText": [Function],
  "getByTestId": [Function],
  "getByText": [Function],
  "getByTitle": [Function],
  "getByValue": [Function],
  "queryAllByAltText": [Function],
  "queryAllByDisplayValue": [Function],
  "queryAllByLabelText": [Function],
  "queryAllByPlaceholderText": [Function],
  "queryAllByRole": [Function],
  "queryAllBySelectText": [Function],
  "queryAllByTestId": [Function],
  "queryAllByText": [Function],
  "queryAllByTitle": [Function],
  "queryAllByValue": [Function],
  "queryByAltText": [Function],
  "queryByDisplayValue": [Function],
  "queryByLabelText": [Function],
  "queryByPlaceholderText": [Function],
  "queryByRole": [Function],
  "queryBySelectText": [Function],
  "queryByTestId": [Function],
  "queryByText": [Function],
  "queryByTitle": [Function],
  "queryByValue": [Function],
  "rerender": [Function],
  "unmount": [Function],
}
`;
