// Jest Snapshot v1, https://goo.gl/fbAQLP

exports[`CheckboxExample renders correctly 1`] = `
Object {
  "asFragment": [Function],
  "baseElement": <body>
    <div>
      <form>
        <input
          checked=""
          class="zep-checkbox"
          id="checkbox_A"
          type="checkbox"
        />
        <label
          class="zep-checkbox__label"
          for="checkbox_A"
        >
          A
        </label>
        <input
          checked=""
          class="zep-checkbox"
          id="checkbox_B"
          type="checkbox"
        />
        <label
          class="zep-checkbox__label"
          for="checkbox_B"
        >
          B
        </label>
        <input
          class="zep-checkbox"
          id="checkbox_C"
          type="checkbox"
        />
        <label
          class="zep-checkbox__label"
          for="checkbox_C"
        >
          C
        </label>
      </form>
    </div>
  </body>,
  "container": <div>
    <form>
      <input
        checked=""
        class="zep-checkbox"
        id="checkbox_A"
        type="checkbox"
      />
      <label
        class="zep-checkbox__label"
        for="checkbox_A"
      >
        A
      </label>
      <input
        checked=""
        class="zep-checkbox"
        id="checkbox_B"
        type="checkbox"
      />
      <label
        class="zep-checkbox__label"
        for="checkbox_B"
      >
        B
      </label>
      <input
        class="zep-checkbox"
        id="checkbox_C"
        type="checkbox"
      />
      <label
        class="zep-checkbox__label"
        for="checkbox_C"
      >
        C
      </label>
    </form>
  </div>,
  "debug": [Function],
  "findAllByAltText": [Function],
  "findAllByDisplayValue": [Function],
  "findAllByLabelText": [Function],
  "findAllByPlaceholderText": [Function],
  "findAllByRole": [Function],
  "findAllByTestId": [Function],
  "findAllByText": [Function],
  "findAllByTitle": [Function],
  "findByAltText": [Function],
  "findByDisplayValue": [Function],
  "findByLabelText": [Function],
  "findByPlaceholderText": [Function],
  "findByRole": [Function],
  "findByTestId": [Function],
  "findByText": [Function],
  "findByTitle": [Function],
  "getAllByAltText": [Function],
  "getAllByDisplayValue": [Function],
  "getAllByLabelText": [Function],
  "getAllByPlaceholderText": [Function],
  "getAllByRole": [Function],
  "getAllByTestId": [Function],
  "getAllByText": [Function],
  "getAllByTitle": [Function],
  "getByAltText": [Function],
  "getByDisplayValue": [Function],
  "getByLabelText": [Function],
  "getByPlaceholderText": [Function],
  "getByRole": [Function],
  "getByTestId": [Function],
  "getByText": [Function],
  "getByTitle": [Function],
  "queryAllByAltText": [Function],
  "queryAllByDisplayValue": [Function],
  "queryAllByLabelText": [Function],
  "queryAllByPlaceholderText": [Function],
  "queryAllByRole": [Function],
  "queryAllByTestId": [Function],
  "queryAllByText": [Function],
  "queryAllByTitle": [Function],
  "queryByAltText": [Function],
  "queryByDisplayValue": [Function],
  "queryByLabelText": [Function],
  "queryByPlaceholderText": [Function],
  "queryByRole": [Function],
  "queryByTestId": [Function],
  "queryByText": [Function],
  "queryByTitle": [Function],
  "rerender": [Function],
  "unmount": [Function],
}
`;
