// Jest Snapshot v1, https://goo.gl/fbAQLP

exports[`Footer renders correctly 1`] = `
Object {
  "asFragment": [Function],
  "baseElement": <body>
    <div>
      <footer>
        <div
          class="Footer-root-0-1-1"
        >
          <div
            class="zep-grid"
          >
            <div
              class="Footer-container-0-1-2"
            >
              <div
                class="Footer-containerLinks-0-1-3"
              >
                <svg
                  aria-labelledby="title"
                  class="Footer-logo-0-1-5"
                  height="32"
                  viewBox="0 0 119.1 19.1"
                  width="32"
                  xmlns="http://www.w3.org/2000/svg"
                >
                  <title
                    id="title_zeppelin"
                  >
                    footer logo
                  </title>
                  <path
                    d="M117.5,0.6v1.2h0.2V1.3h0.2c0.1,0,0.2,0,0.3,0s0.1,0.1,0.1,0.3v0.2l0,0l0,0l0,0h0.2l0,0c0,0,0,0,0-0.1V1.6V1.5
c0-0.1,0-0.1-0.1-0.2c0-0.1-0.1-0.1-0.2-0.1c0.1,0,0.1,0,0.2-0.1c0.1-0.1,0.1-0.1,0.1-0.3c0-0.2-0.1-0.3-0.2-0.3c-0.1,0-0.2,0-0.3,0
h-0.5V0.6z M118.2,1c0,0.1,0,0.2-0.1,0.2c0,0-0.1,0-0.2,0h-0.2V0.7h0.2c0.1,0,0.2,0,0.3,0C118.2,0.8,118.2,0.9,118.2,1 M119.1,1.2
c0-0.3-0.1-0.6-0.3-0.8c-0.2-0.2-0.5-0.3-0.8-0.3s-0.6,0.1-0.8,0.3c-0.2,0.2-0.3,0.5-0.3,0.8s0.1,0.6,0.3,0.8
c0.2,0.2,0.5,0.3,0.8,0.3s0.6-0.1,0.8-0.3C119,1.8,119.1,1.5,119.1,1.2 M117.9,0.2c0.3,0,0.5,0.1,0.7,0.3c0.2,0.2,0.3,0.4,0.3,0.7
c0,0.3-0.1,0.5-0.3,0.7s-0.4,0.3-0.7,0.3s-0.5-0.1-0.7-0.3c-0.2-0.2-0.3-0.4-0.3-0.7c0-0.3,0.1-0.5,0.3-0.7
C117.4,0.3,117.7,0.2,117.9,0.2 M24.8,0h11.3v2.3l-6.3,7.1h6.3v2.3H24.5V9.4l6.2-7.1h-5.9L24.8,0L24.8,0z M106.3,0l5.6,6.9V0h3.5
v11.6h-3.5l-5.6-7v7h-3.5V0H106.3L106.3,0z M96.1,0h4v11.6h-4V0L96.1,0z M86.5,0h2.1h1.8v4.7v4.7h2.1h2.2v2.3h-4.2h-4.1L86.5,0
L86.5,0z M38.5,0h4.6h4.7v1.2v1.2h-2.7h-2.7v1.2v1.2h2.4h2.6v1V7h-2.6h-2.4v1.2v1.1h5.7v1.2v1.1h-4.9h-4.8V0H38.5z M56.6,5.9
c-0.5,0.5-1.5,0.5-1.5,0.5h-0.7v-4h0.7c0,0,0.9,0,1.3,0.2c0.6,0.4,0.8,1,0.8,1.7C57.1,4.9,57,5.4,56.6,5.9 M57.8,0.3
C56.8,0,54.6,0,54.6,0h-1.7l0,0h-2.6v11.6h4.1V8.8c0.4,0,0.8,0,1.1,0c0.6,0,1.7-0.1,2.5-0.4c2-0.7,3-2.4,3-4.1
C60.9,2.6,60,1,57.8,0.3 M74.6,0h4.6h4.7v1.2v1.2h-2.7h-2.6v1.2v1.2H81h2.6v1V7H81h-2.4v1.2v1.1h5.7v1.2v1.1h-4.9h-4.8V0L74.6,0z
M68.7,5.9c-0.5,0.5-1.5,0.5-1.5,0.5h-0.7v-4h0.7c0,0,0.9,0,1.3,0.2c0.6,0.4,0.8,1,0.8,1.7C69.2,4.9,69.2,5.4,68.7,5.9 M70,0.3
C69,0,66.8,0,66.8,0h-1.7l0,0h-2.6v11.6h4.1V8.8c0.4,0,0.8,0,1.1,0c0.6,0,1.7-0.1,2.5-0.4c2-0.7,3-2.4,3-4.1C73.1,2.6,72.2,1,70,0.3
"
                    fill="currentColor"
                  />
                  <path
                    d="M17.7,0v11.6H9.4L13,7.5V4.2H4.6V0H17.7L17.7,0z M0,7.5v11.6h13v-4.2H4.6v-3.3l3.6-4.1L0,7.5L0,7.5z"
                    fill="currentColor"
                  />
                  <path
                    d="M26.6,17.5c0,0.1-0.1,0.3-0.1,0.4c0,0.2-0.1,0.4-0.1,0.5c0-0.2-0.1-0.3-0.1-0.5s-0.1-0.3-0.1-0.5
c-0.1-0.4-0.2-0.7-0.3-1.1c-0.1-0.3-0.1-0.5-0.2-0.8c-0.1-0.2-0.1-0.4-0.2-0.6h-1l0.7,2.1l0.6,2.1h1.1l0.7-2.9l0.1-0.6l0.2,0.7
l0.8,2.8h1.1c0.1-0.3,0.2-0.6,0.3-1s0.3-0.9,0.4-1.3l0.6-1.9h-0.8l-0.7,2.7l-0.2,0.7l-0.2-0.7c-0.1-0.4-0.2-0.7-0.3-1.1
c-0.1-0.3-0.2-0.6-0.2-1c-0.1-0.2-0.1-0.5-0.2-0.7h-1.1L26.6,17.5L26.6,17.5z M31.9,15v4.2h3.3v-0.7h-2.5v-1.2h2.2v-0.7h-2.2v-0.9
H35V15L31.9,15L31.9,15z M43.1,16.3c0-0.1-0.1-0.4-0.2-0.6c-0.1-0.2-0.2-0.3-0.2-0.4c-0.1-0.1-0.2-0.2-0.3-0.2
c-0.5-0.3-1.2-0.3-1.3-0.3c-0.2,0-0.5,0-0.6,0c-1.1,0.1-1.5,0.7-1.7,1.1c-0.1,0.2-0.2,0.5-0.2,1c0,0.7,0.2,1.4,0.9,1.8
c0.6,0.4,1.2,0.4,1.4,0.4c0.4,0,0.8-0.1,1.2-0.2c0.4-0.2,0.5-0.4,0.6-0.5c0.2-0.3,0.2-0.6,0.2-0.7H42c0,0.2-0.1,0.3-0.2,0.5
c-0.2,0.3-0.7,0.4-1,0.4c-0.4,0-0.8-0.1-1-0.4c-0.4-0.4-0.4-1-0.4-1.2c0-0.7,0.3-1.3,1-1.4c0.1,0,0.3-0.1,0.5-0.1
c0.6,0,0.9,0.3,1,0.5c0.1,0.1,0.1,0.3,0.1,0.3L43.1,16.3L43.1,16.3z M48.1,18c0-0.2-0.1-0.4-0.2-0.5s-0.2-0.2-0.6-0.3
c0,0,0.3-0.1,0.4-0.2c0.1-0.1,0.4-0.4,0.4-0.9c0-0.6-0.4-0.8-0.6-0.9C47.1,15,46.7,15,46.2,15h-2v4.2h0.9v-1.6h1.3
c0.4,0,0.7,0,0.8,0.4c0,0.1,0.1,0.3,0.1,0.3v0.3c0,0.2,0,0.3,0.1,0.6h0.9c-0.1-0.1-0.1-0.1-0.1-0.3L48.1,18L48.1,18z M46.4,15.7
c0.3,0,0.5,0,0.7,0.1c0.3,0.1,0.3,0.4,0.3,0.5s0,0.2-0.1,0.4c-0.3,0.1-0.5,0.1-0.8,0.1h-1.3v-1.2h1.2V15.7z M49.8,15v4.2h3.3v-0.7
h-2.5v-1.2h2.2v-0.7h-2.2v-0.9h2.3V15L49.8,15L49.8,15z M56.1,15L54,19.2h0.9l0.4-0.9h2.5l0.4,0.9h1c-0.3-0.7-0.7-1.4-1-2.1
c-0.3-0.7-0.7-1.4-1-2.1L56.1,15L56.1,15z M56.6,15.6l0.9,1.9h-1.9L56.6,15.6L56.6,15.6z M59.2,15v0.7h1.7v3.5h0.9v-3.5h1.7V15H59.2
L59.2,15z M64.5,15v4.2h3.3v-0.7h-2.4v-1.2h2.2v-0.7h-2.2v-0.9h2.3V15L64.5,15L64.5,15z M75.3,16.3c0-0.2,0-0.4-0.1-0.7
c0-0.1-0.1-0.2-0.3-0.4c-0.4-0.3-0.9-0.4-1.1-0.4c-0.1,0-0.2,0-0.4,0c-0.9,0-1.4,0.2-1.6,0.5c-0.1,0.1-0.3,0.3-0.3,0.8
c0,0.7,0.5,0.9,0.7,1s0.4,0.1,0.5,0.1l1.1,0.1c0.2,0,0.5,0.1,0.6,0.2c0,0,0.1,0.1,0.1,0.3c0,0.1,0,0.2-0.1,0.3
c0,0.1-0.1,0.1-0.2,0.2c-0.3,0.2-0.9,0.2-0.9,0.2c-0.6,0-0.9-0.2-1.1-0.4c-0.1-0.2-0.1-0.4-0.1-0.4l-0.7,0.1c0,0.3,0.1,0.5,0.2,0.8
c0.3,0.6,1.2,0.7,1.8,0.7c0.2,0,0.3,0,0.5,0s0.5-0.1,0.7-0.1c0.2-0.1,1-0.4,1-1.2c0-0.2,0-0.4-0.1-0.4c-0.1-0.2-0.3-0.6-0.9-0.7
c-0.1,0-0.2-0.1-0.4-0.1l-0.9-0.1c-0.2,0-0.5-0.1-0.6-0.1c-0.3-0.3-0.3-0.4-0.3-0.5c0-0.2,0.2-0.4,0.2-0.4c0.2-0.1,0.6-0.2,0.8-0.2
c0.1,0,0.8,0,1,0.4c0,0.1,0.1,0.2,0.1,0.4H75.3L75.3,16.3z M76.6,17.1c0,0.9,0.4,1.7,1.2,2c0.4,0.2,1,0.2,1.2,0.2
c0.1,0,0.3,0,0.6-0.1c0.4-0.1,0.6-0.2,0.7-0.2c0.7-0.4,1-1.1,1-1.9c0-0.5-0.2-1.1-0.5-1.5c-0.1-0.1-0.3-0.3-0.4-0.4
c-0.2-0.1-0.7-0.4-1.4-0.4c-0.8,0-1.4,0.3-1.6,0.5C77.1,15.6,76.6,16.1,76.6,17.1L76.6,17.1z M77.5,17c0-0.5,0.2-0.8,0.3-1
c0.4-0.5,1-0.5,1.2-0.5c0.7,0,1,0.4,1.2,0.6c0.2,0.3,0.3,0.7,0.3,1c0,0.6-0.3,1-0.5,1.2c-0.3,0.2-0.6,0.3-1,0.3
c-0.6,0-1-0.3-1.1-0.5C77.6,17.8,77.5,17.4,77.5,17L77.5,17z M82.6,15v4.2h3.3v-0.7h-2.4V15H82.6L82.6,15z M90.2,17.2
c0,0.4,0,0.7-0.3,1c-0.1,0.2-0.4,0.4-0.9,0.4c-0.8,0-1.1-0.5-1.1-0.8c-0.1-0.2-0.1-0.4-0.1-0.6v-2.3h-0.9v2.2c0,0.3,0,0.6,0.1,0.9
c0.1,0.3,0.2,0.5,0.3,0.6c0.4,0.5,1.1,0.6,1.2,0.6s0.3,0,0.4,0c0.2,0,0.5,0,0.5,0c0.1,0,0.3-0.1,0.6-0.2c0.2-0.1,0.4-0.2,0.6-0.4
c0.4-0.5,0.4-1.1,0.4-1.3c0-0.1,0-0.2,0-0.3v-2.2h-0.9v2.4H90.2z M92,15v0.7h1.7v3.5h0.9v-3.5h1.7V15H92L92,15z M97.4,15v4.2h0.9V15
H97.4L97.4,15z M99.6,17.1c0,0.9,0.4,1.7,1.2,2c0.4,0.2,1,0.2,1.2,0.2c0.1,0,0.3,0,0.6-0.1c0.4-0.1,0.6-0.2,0.7-0.2
c0.7-0.4,1-1.1,1-1.9c0-0.5-0.2-1.1-0.5-1.5c-0.1-0.1-0.3-0.3-0.4-0.4c-0.2-0.1-0.7-0.4-1.4-0.4c-0.8,0-1.4,0.3-1.6,0.5
C100.1,15.6,99.6,16.1,99.6,17.1L99.6,17.1z M100.5,17c0-0.5,0.2-0.8,0.3-1c0.4-0.5,1-0.5,1.2-0.5c0.7,0,1,0.4,1.2,0.6
c0.2,0.3,0.3,0.7,0.3,1c0,0.6-0.3,1-0.5,1.2c-0.3,0.2-0.6,0.3-1,0.3c-0.6,0-1-0.3-1.1-0.5C100.6,17.8,100.5,17.4,100.5,17L100.5,17z
M105.6,15v4.2h0.8v-2.9v-0.7l0.4,0.6c0.1,0.2,0.2,0.3,0.3,0.5c0.2,0.3,0.4,0.6,0.6,0.8c0.2,0.3,0.4,0.5,0.6,0.8s0.4,0.5,0.6,0.8
h1.2v-4.2h-0.7v2.8v0.7l-0.5-0.8c-0.2-0.2-0.3-0.5-0.5-0.7c-0.1-0.2-0.3-0.4-0.4-0.6c-0.1-0.2-0.2-0.3-0.3-0.5
c-0.2-0.3-0.4-0.6-0.6-0.8L105.6,15L105.6,15z M115.4,16.3c0-0.2,0-0.4-0.1-0.7c0-0.1-0.1-0.2-0.3-0.4c-0.4-0.3-0.9-0.4-1.1-0.4
c-0.1,0-0.2,0-0.4,0c-0.9,0-1.4,0.2-1.6,0.5c-0.1,0.1-0.3,0.3-0.3,0.8c0,0.7,0.5,0.9,0.7,1s0.4,0.1,0.5,0.1l1.1,0.1
c0.2,0,0.5,0.1,0.6,0.2c0,0,0.1,0.1,0.1,0.3c0,0.1,0,0.2-0.1,0.3c0,0.1-0.1,0.1-0.2,0.2c-0.3,0.2-0.9,0.2-0.9,0.2
c-0.6,0-0.9-0.2-1.1-0.4c-0.1-0.2-0.1-0.4-0.1-0.4h-0.9c0,0.3,0.1,0.5,0.2,0.8c0.3,0.6,1.2,0.7,1.8,0.7c0.2,0,0.3,0,0.5,0
s0.5-0.1,0.7-0.1c0.2-0.1,0.9-0.4,0.9-1.2c0-0.2,0-0.4-0.1-0.4c-0.1-0.2-0.3-0.6-0.9-0.7c-0.1,0-0.3-0.1-0.4-0.1l-0.9-0.1
c-0.2,0-0.5-0.1-0.6-0.1c-0.2-0.1-0.2-0.3-0.2-0.3c0-0.2,0.2-0.4,0.2-0.4c0.2-0.1,0.6-0.2,0.8-0.2c0.1,0,0.8,0,1,0.4
c0,0.1,0.1,0.2,0.1,0.4L115.4,16.3L115.4,16.3z"
                    fill="currentColor"
                  />
                </svg>
                <a
                  class="Footer-link-0-1-6"
                  href="/"
                >
                  Privacy Policy
                </a>
                <a
                  class="Footer-link-0-1-6"
                  href="/"
                >
                  Terms & Conditions
                </a>
                <a
                  class="Footer-link-0-1-6"
                  href="/"
                >
                  Feedback
                </a>
              </div>
              <div
                class="Footer-containerIcons-0-1-4"
              >
                <a
                  class="ButtonBase-button-0-1-8"
                  href="https://www.linkedin.com/company/zeppelingroup/?originalSubdomain=de"
                  rel="noopener"
                  target="_blank"
                >
                  <svg
                    aria-labelledby="title"
                    class="Footer-icon-0-1-7"
                    height="32"
                    viewBox="0 0 24 24"
                    width="32"
                    xmlns="http://www.w3.org/2000/svg"
                  >
                    <title
                      id="title_linkedin"
                    >
                      Linkedin Icon
                    </title>
                    <path
                      d="M21,21 L17,21 L17,14.25 C17,13.19 15.81,12.31 14.75,12.31 C13.69,12.31 13,13.19 13,14.25 L13,21 L9,21 L9,9 L13,9 L13,11 C13.66,9.93 15.36,9.24 16.5,9.24 C19,9.24 21,11.28 21,13.75 L21,21 L21,21 Z M7,21 L3,21 L3,9 L7,9 L7,21 L7,21 Z M5,3 C6.1045695,3 7,3.8954305 7,5 C7,6.1045695 6.1045695,7 5,7 C3.8954305,7 3,6.1045695 3,5 C3,3.8954305 3.8954305,3 5,3 Z"
                      fill="currentColor"
                    />
                  </svg>
                </a>
                <a
                  class="ButtonBase-button-0-1-8"
                  href="https://www.xing.com/company/zeppelinkonzern"
                  rel="noopener"
                  target="_blank"
                >
                  <svg
                    aria-labelledby="title"
                    class="Footer-icon-0-1-7"
                    height="32"
                    viewBox="0 0 24 24"
                    width="32"
                    xmlns="http://www.w3.org/2000/svg"
                  >
                    <title
                      id="title_medium"
                    >
                      Xing Icon
                    </title>
                    <path
                      d="M16.655,2 C16.225,2 16.035,2.27 15.885,2.55 C15.885,2.55 9.665,13.57 9.485,13.93 L13.565,21.45 C13.705,21.71 13.925,22 14.365,22 L17.245,22 C17.425,22 17.555,21.93 17.625,21.82 C17.705,21.69 17.705,21.53 17.625,21.37 L13.555,13.92 L19.945,2.63 C20.025,2.47 20.025,2.31 19.955,2.18 C19.875,2.07 19.745,2 19.565,2 M4.535,5.95 C4.365,5.95 4.215,6 4.145,6.13 C4.065,6.26 4.075,6.41 4.165,6.57 L6.105,9.97 L3.045,15.37 C2.985,15.53 2.985,15.69 3.045,15.82 C3.115,15.94 3.245,16 3.415,16 L6.305,16 C6.735,16 6.945,15.72 7.095,15.45 C7.095,15.45 10.085,10.16 10.205,9.95 L8.225,6.5 C8.085,6.24 7.865,5.95 7.415,5.95"
                      fill="currentColor"
                    />
                  </svg>
                </a>
                <a
                  class="ButtonBase-button-0-1-8"
                  href="https://twitter.com/Zeppelin_Group"
                  rel="noopener"
                  target="_blank"
                >
                  <svg
                    aria-labelledby="title"
                    class="Footer-icon-0-1-7"
                    height="32"
                    viewBox="0 0 24 24"
                    width="32"
                    xmlns="http://www.w3.org/2000/svg"
                  >
                    <title
                      id="title_twitter"
                    >
                      Twitter Icon
                    </title>
                    <path
                      d="M22.92,6 C22.15,6.35 21.32,6.58 20.46,6.69 C21.34,6.16 22.02,5.32 22.34,4.31 C21.51,4.81 20.59,5.16 19.62,5.36 C18.83,4.5 17.72,4 16.46,4 C14.11,4 12.19,5.92 12.19,8.29 C12.19,8.63 12.23,8.96 12.3,9.27 C8.74,9.09 5.57,7.38 3.46,4.79 C3.09,5.42 2.88,6.16 2.88,6.94 C2.88,8.43 3.63,9.75 4.79,10.5 C4.08,10.5 3.42,10.3 2.84,10 C2.84,10 2.84,10 2.84,10.03 C2.84,12.11 4.32,13.85 6.28,14.24 C5.92,14.34 5.54,14.39 5.15,14.39 C4.88,14.39 4.61,14.36 4.35,14.31 C4.89,16 6.46,17.26 8.35,17.29 C6.89,18.45 5.04,19.13 3.02,19.13 C2.68,19.13 2.34,19.11 2,19.07 C3.9,20.29 6.16,21 8.58,21 C16.46,21 20.79,14.46 20.79,8.79 C20.79,8.6 20.79,8.42 20.78,8.23 C21.62,7.63 22.34,6.87 22.92,6 Z"
                      fill="currentColor"
                    />
                  </svg>
                </a>
              </div>
            </div>
          </div>
        </div>
      </footer>
    </div>
  </body>,
  "container": <div>
    <footer>
      <div
        class="Footer-root-0-1-1"
      >
        <div
          class="zep-grid"
        >
          <div
            class="Footer-container-0-1-2"
          >
            <div
              class="Footer-containerLinks-0-1-3"
            >
              <svg
                aria-labelledby="title"
                class="Footer-logo-0-1-5"
                height="32"
                viewBox="0 0 119.1 19.1"
                width="32"
                xmlns="http://www.w3.org/2000/svg"
              >
                <title
                  id="title_zeppelin"
                >
                  footer logo
                </title>
                <path
                  d="M117.5,0.6v1.2h0.2V1.3h0.2c0.1,0,0.2,0,0.3,0s0.1,0.1,0.1,0.3v0.2l0,0l0,0l0,0h0.2l0,0c0,0,0,0,0-0.1V1.6V1.5
c0-0.1,0-0.1-0.1-0.2c0-0.1-0.1-0.1-0.2-0.1c0.1,0,0.1,0,0.2-0.1c0.1-0.1,0.1-0.1,0.1-0.3c0-0.2-0.1-0.3-0.2-0.3c-0.1,0-0.2,0-0.3,0
h-0.5V0.6z M118.2,1c0,0.1,0,0.2-0.1,0.2c0,0-0.1,0-0.2,0h-0.2V0.7h0.2c0.1,0,0.2,0,0.3,0C118.2,0.8,118.2,0.9,118.2,1 M119.1,1.2
c0-0.3-0.1-0.6-0.3-0.8c-0.2-0.2-0.5-0.3-0.8-0.3s-0.6,0.1-0.8,0.3c-0.2,0.2-0.3,0.5-0.3,0.8s0.1,0.6,0.3,0.8
c0.2,0.2,0.5,0.3,0.8,0.3s0.6-0.1,0.8-0.3C119,1.8,119.1,1.5,119.1,1.2 M117.9,0.2c0.3,0,0.5,0.1,0.7,0.3c0.2,0.2,0.3,0.4,0.3,0.7
c0,0.3-0.1,0.5-0.3,0.7s-0.4,0.3-0.7,0.3s-0.5-0.1-0.7-0.3c-0.2-0.2-0.3-0.4-0.3-0.7c0-0.3,0.1-0.5,0.3-0.7
C117.4,0.3,117.7,0.2,117.9,0.2 M24.8,0h11.3v2.3l-6.3,7.1h6.3v2.3H24.5V9.4l6.2-7.1h-5.9L24.8,0L24.8,0z M106.3,0l5.6,6.9V0h3.5
v11.6h-3.5l-5.6-7v7h-3.5V0H106.3L106.3,0z M96.1,0h4v11.6h-4V0L96.1,0z M86.5,0h2.1h1.8v4.7v4.7h2.1h2.2v2.3h-4.2h-4.1L86.5,0
L86.5,0z M38.5,0h4.6h4.7v1.2v1.2h-2.7h-2.7v1.2v1.2h2.4h2.6v1V7h-2.6h-2.4v1.2v1.1h5.7v1.2v1.1h-4.9h-4.8V0H38.5z M56.6,5.9
c-0.5,0.5-1.5,0.5-1.5,0.5h-0.7v-4h0.7c0,0,0.9,0,1.3,0.2c0.6,0.4,0.8,1,0.8,1.7C57.1,4.9,57,5.4,56.6,5.9 M57.8,0.3
C56.8,0,54.6,0,54.6,0h-1.7l0,0h-2.6v11.6h4.1V8.8c0.4,0,0.8,0,1.1,0c0.6,0,1.7-0.1,2.5-0.4c2-0.7,3-2.4,3-4.1
C60.9,2.6,60,1,57.8,0.3 M74.6,0h4.6h4.7v1.2v1.2h-2.7h-2.6v1.2v1.2H81h2.6v1V7H81h-2.4v1.2v1.1h5.7v1.2v1.1h-4.9h-4.8V0L74.6,0z
M68.7,5.9c-0.5,0.5-1.5,0.5-1.5,0.5h-0.7v-4h0.7c0,0,0.9,0,1.3,0.2c0.6,0.4,0.8,1,0.8,1.7C69.2,4.9,69.2,5.4,68.7,5.9 M70,0.3
C69,0,66.8,0,66.8,0h-1.7l0,0h-2.6v11.6h4.1V8.8c0.4,0,0.8,0,1.1,0c0.6,0,1.7-0.1,2.5-0.4c2-0.7,3-2.4,3-4.1C73.1,2.6,72.2,1,70,0.3
"
                  fill="currentColor"
                />
                <path
                  d="M17.7,0v11.6H9.4L13,7.5V4.2H4.6V0H17.7L17.7,0z M0,7.5v11.6h13v-4.2H4.6v-3.3l3.6-4.1L0,7.5L0,7.5z"
                  fill="currentColor"
                />
                <path
                  d="M26.6,17.5c0,0.1-0.1,0.3-0.1,0.4c0,0.2-0.1,0.4-0.1,0.5c0-0.2-0.1-0.3-0.1-0.5s-0.1-0.3-0.1-0.5
c-0.1-0.4-0.2-0.7-0.3-1.1c-0.1-0.3-0.1-0.5-0.2-0.8c-0.1-0.2-0.1-0.4-0.2-0.6h-1l0.7,2.1l0.6,2.1h1.1l0.7-2.9l0.1-0.6l0.2,0.7
l0.8,2.8h1.1c0.1-0.3,0.2-0.6,0.3-1s0.3-0.9,0.4-1.3l0.6-1.9h-0.8l-0.7,2.7l-0.2,0.7l-0.2-0.7c-0.1-0.4-0.2-0.7-0.3-1.1
c-0.1-0.3-0.2-0.6-0.2-1c-0.1-0.2-0.1-0.5-0.2-0.7h-1.1L26.6,17.5L26.6,17.5z M31.9,15v4.2h3.3v-0.7h-2.5v-1.2h2.2v-0.7h-2.2v-0.9
H35V15L31.9,15L31.9,15z M43.1,16.3c0-0.1-0.1-0.4-0.2-0.6c-0.1-0.2-0.2-0.3-0.2-0.4c-0.1-0.1-0.2-0.2-0.3-0.2
c-0.5-0.3-1.2-0.3-1.3-0.3c-0.2,0-0.5,0-0.6,0c-1.1,0.1-1.5,0.7-1.7,1.1c-0.1,0.2-0.2,0.5-0.2,1c0,0.7,0.2,1.4,0.9,1.8
c0.6,0.4,1.2,0.4,1.4,0.4c0.4,0,0.8-0.1,1.2-0.2c0.4-0.2,0.5-0.4,0.6-0.5c0.2-0.3,0.2-0.6,0.2-0.7H42c0,0.2-0.1,0.3-0.2,0.5
c-0.2,0.3-0.7,0.4-1,0.4c-0.4,0-0.8-0.1-1-0.4c-0.4-0.4-0.4-1-0.4-1.2c0-0.7,0.3-1.3,1-1.4c0.1,0,0.3-0.1,0.5-0.1
c0.6,0,0.9,0.3,1,0.5c0.1,0.1,0.1,0.3,0.1,0.3L43.1,16.3L43.1,16.3z M48.1,18c0-0.2-0.1-0.4-0.2-0.5s-0.2-0.2-0.6-0.3
c0,0,0.3-0.1,0.4-0.2c0.1-0.1,0.4-0.4,0.4-0.9c0-0.6-0.4-0.8-0.6-0.9C47.1,15,46.7,15,46.2,15h-2v4.2h0.9v-1.6h1.3
c0.4,0,0.7,0,0.8,0.4c0,0.1,0.1,0.3,0.1,0.3v0.3c0,0.2,0,0.3,0.1,0.6h0.9c-0.1-0.1-0.1-0.1-0.1-0.3L48.1,18L48.1,18z M46.4,15.7
c0.3,0,0.5,0,0.7,0.1c0.3,0.1,0.3,0.4,0.3,0.5s0,0.2-0.1,0.4c-0.3,0.1-0.5,0.1-0.8,0.1h-1.3v-1.2h1.2V15.7z M49.8,15v4.2h3.3v-0.7
h-2.5v-1.2h2.2v-0.7h-2.2v-0.9h2.3V15L49.8,15L49.8,15z M56.1,15L54,19.2h0.9l0.4-0.9h2.5l0.4,0.9h1c-0.3-0.7-0.7-1.4-1-2.1
c-0.3-0.7-0.7-1.4-1-2.1L56.1,15L56.1,15z M56.6,15.6l0.9,1.9h-1.9L56.6,15.6L56.6,15.6z M59.2,15v0.7h1.7v3.5h0.9v-3.5h1.7V15H59.2
L59.2,15z M64.5,15v4.2h3.3v-0.7h-2.4v-1.2h2.2v-0.7h-2.2v-0.9h2.3V15L64.5,15L64.5,15z M75.3,16.3c0-0.2,0-0.4-0.1-0.7
c0-0.1-0.1-0.2-0.3-0.4c-0.4-0.3-0.9-0.4-1.1-0.4c-0.1,0-0.2,0-0.4,0c-0.9,0-1.4,0.2-1.6,0.5c-0.1,0.1-0.3,0.3-0.3,0.8
c0,0.7,0.5,0.9,0.7,1s0.4,0.1,0.5,0.1l1.1,0.1c0.2,0,0.5,0.1,0.6,0.2c0,0,0.1,0.1,0.1,0.3c0,0.1,0,0.2-0.1,0.3
c0,0.1-0.1,0.1-0.2,0.2c-0.3,0.2-0.9,0.2-0.9,0.2c-0.6,0-0.9-0.2-1.1-0.4c-0.1-0.2-0.1-0.4-0.1-0.4l-0.7,0.1c0,0.3,0.1,0.5,0.2,0.8
c0.3,0.6,1.2,0.7,1.8,0.7c0.2,0,0.3,0,0.5,0s0.5-0.1,0.7-0.1c0.2-0.1,1-0.4,1-1.2c0-0.2,0-0.4-0.1-0.4c-0.1-0.2-0.3-0.6-0.9-0.7
c-0.1,0-0.2-0.1-0.4-0.1l-0.9-0.1c-0.2,0-0.5-0.1-0.6-0.1c-0.3-0.3-0.3-0.4-0.3-0.5c0-0.2,0.2-0.4,0.2-0.4c0.2-0.1,0.6-0.2,0.8-0.2
c0.1,0,0.8,0,1,0.4c0,0.1,0.1,0.2,0.1,0.4H75.3L75.3,16.3z M76.6,17.1c0,0.9,0.4,1.7,1.2,2c0.4,0.2,1,0.2,1.2,0.2
c0.1,0,0.3,0,0.6-0.1c0.4-0.1,0.6-0.2,0.7-0.2c0.7-0.4,1-1.1,1-1.9c0-0.5-0.2-1.1-0.5-1.5c-0.1-0.1-0.3-0.3-0.4-0.4
c-0.2-0.1-0.7-0.4-1.4-0.4c-0.8,0-1.4,0.3-1.6,0.5C77.1,15.6,76.6,16.1,76.6,17.1L76.6,17.1z M77.5,17c0-0.5,0.2-0.8,0.3-1
c0.4-0.5,1-0.5,1.2-0.5c0.7,0,1,0.4,1.2,0.6c0.2,0.3,0.3,0.7,0.3,1c0,0.6-0.3,1-0.5,1.2c-0.3,0.2-0.6,0.3-1,0.3
c-0.6,0-1-0.3-1.1-0.5C77.6,17.8,77.5,17.4,77.5,17L77.5,17z M82.6,15v4.2h3.3v-0.7h-2.4V15H82.6L82.6,15z M90.2,17.2
c0,0.4,0,0.7-0.3,1c-0.1,0.2-0.4,0.4-0.9,0.4c-0.8,0-1.1-0.5-1.1-0.8c-0.1-0.2-0.1-0.4-0.1-0.6v-2.3h-0.9v2.2c0,0.3,0,0.6,0.1,0.9
c0.1,0.3,0.2,0.5,0.3,0.6c0.4,0.5,1.1,0.6,1.2,0.6s0.3,0,0.4,0c0.2,0,0.5,0,0.5,0c0.1,0,0.3-0.1,0.6-0.2c0.2-0.1,0.4-0.2,0.6-0.4
c0.4-0.5,0.4-1.1,0.4-1.3c0-0.1,0-0.2,0-0.3v-2.2h-0.9v2.4H90.2z M92,15v0.7h1.7v3.5h0.9v-3.5h1.7V15H92L92,15z M97.4,15v4.2h0.9V15
H97.4L97.4,15z M99.6,17.1c0,0.9,0.4,1.7,1.2,2c0.4,0.2,1,0.2,1.2,0.2c0.1,0,0.3,0,0.6-0.1c0.4-0.1,0.6-0.2,0.7-0.2
c0.7-0.4,1-1.1,1-1.9c0-0.5-0.2-1.1-0.5-1.5c-0.1-0.1-0.3-0.3-0.4-0.4c-0.2-0.1-0.7-0.4-1.4-0.4c-0.8,0-1.4,0.3-1.6,0.5
C100.1,15.6,99.6,16.1,99.6,17.1L99.6,17.1z M100.5,17c0-0.5,0.2-0.8,0.3-1c0.4-0.5,1-0.5,1.2-0.5c0.7,0,1,0.4,1.2,0.6
c0.2,0.3,0.3,0.7,0.3,1c0,0.6-0.3,1-0.5,1.2c-0.3,0.2-0.6,0.3-1,0.3c-0.6,0-1-0.3-1.1-0.5C100.6,17.8,100.5,17.4,100.5,17L100.5,17z
M105.6,15v4.2h0.8v-2.9v-0.7l0.4,0.6c0.1,0.2,0.2,0.3,0.3,0.5c0.2,0.3,0.4,0.6,0.6,0.8c0.2,0.3,0.4,0.5,0.6,0.8s0.4,0.5,0.6,0.8
h1.2v-4.2h-0.7v2.8v0.7l-0.5-0.8c-0.2-0.2-0.3-0.5-0.5-0.7c-0.1-0.2-0.3-0.4-0.4-0.6c-0.1-0.2-0.2-0.3-0.3-0.5
c-0.2-0.3-0.4-0.6-0.6-0.8L105.6,15L105.6,15z M115.4,16.3c0-0.2,0-0.4-0.1-0.7c0-0.1-0.1-0.2-0.3-0.4c-0.4-0.3-0.9-0.4-1.1-0.4
c-0.1,0-0.2,0-0.4,0c-0.9,0-1.4,0.2-1.6,0.5c-0.1,0.1-0.3,0.3-0.3,0.8c0,0.7,0.5,0.9,0.7,1s0.4,0.1,0.5,0.1l1.1,0.1
c0.2,0,0.5,0.1,0.6,0.2c0,0,0.1,0.1,0.1,0.3c0,0.1,0,0.2-0.1,0.3c0,0.1-0.1,0.1-0.2,0.2c-0.3,0.2-0.9,0.2-0.9,0.2
c-0.6,0-0.9-0.2-1.1-0.4c-0.1-0.2-0.1-0.4-0.1-0.4h-0.9c0,0.3,0.1,0.5,0.2,0.8c0.3,0.6,1.2,0.7,1.8,0.7c0.2,0,0.3,0,0.5,0
s0.5-0.1,0.7-0.1c0.2-0.1,0.9-0.4,0.9-1.2c0-0.2,0-0.4-0.1-0.4c-0.1-0.2-0.3-0.6-0.9-0.7c-0.1,0-0.3-0.1-0.4-0.1l-0.9-0.1
c-0.2,0-0.5-0.1-0.6-0.1c-0.2-0.1-0.2-0.3-0.2-0.3c0-0.2,0.2-0.4,0.2-0.4c0.2-0.1,0.6-0.2,0.8-0.2c0.1,0,0.8,0,1,0.4
c0,0.1,0.1,0.2,0.1,0.4L115.4,16.3L115.4,16.3z"
                  fill="currentColor"
                />
              </svg>
              <a
                class="Footer-link-0-1-6"
                href="/"
              >
                Privacy Policy
              </a>
              <a
                class="Footer-link-0-1-6"
                href="/"
              >
                Terms & Conditions
              </a>
              <a
                class="Footer-link-0-1-6"
                href="/"
              >
                Feedback
              </a>
            </div>
            <div
              class="Footer-containerIcons-0-1-4"
            >
              <a
                class="ButtonBase-button-0-1-8"
                href="https://www.linkedin.com/company/zeppelingroup/?originalSubdomain=de"
                rel="noopener"
                target="_blank"
              >
                <svg
                  aria-labelledby="title"
                  class="Footer-icon-0-1-7"
                  height="32"
                  viewBox="0 0 24 24"
                  width="32"
                  xmlns="http://www.w3.org/2000/svg"
                >
                  <title
                    id="title_linkedin"
                  >
                    Linkedin Icon
                  </title>
                  <path
                    d="M21,21 L17,21 L17,14.25 C17,13.19 15.81,12.31 14.75,12.31 C13.69,12.31 13,13.19 13,14.25 L13,21 L9,21 L9,9 L13,9 L13,11 C13.66,9.93 15.36,9.24 16.5,9.24 C19,9.24 21,11.28 21,13.75 L21,21 L21,21 Z M7,21 L3,21 L3,9 L7,9 L7,21 L7,21 Z M5,3 C6.1045695,3 7,3.8954305 7,5 C7,6.1045695 6.1045695,7 5,7 C3.8954305,7 3,6.1045695 3,5 C3,3.8954305 3.8954305,3 5,3 Z"
                    fill="currentColor"
                  />
                </svg>
              </a>
              <a
                class="ButtonBase-button-0-1-8"
                href="https://www.xing.com/company/zeppelinkonzern"
                rel="noopener"
                target="_blank"
              >
                <svg
                  aria-labelledby="title"
                  class="Footer-icon-0-1-7"
                  height="32"
                  viewBox="0 0 24 24"
                  width="32"
                  xmlns="http://www.w3.org/2000/svg"
                >
                  <title
                    id="title_medium"
                  >
                    Xing Icon
                  </title>
                  <path
                    d="M16.655,2 C16.225,2 16.035,2.27 15.885,2.55 C15.885,2.55 9.665,13.57 9.485,13.93 L13.565,21.45 C13.705,21.71 13.925,22 14.365,22 L17.245,22 C17.425,22 17.555,21.93 17.625,21.82 C17.705,21.69 17.705,21.53 17.625,21.37 L13.555,13.92 L19.945,2.63 C20.025,2.47 20.025,2.31 19.955,2.18 C19.875,2.07 19.745,2 19.565,2 M4.535,5.95 C4.365,5.95 4.215,6 4.145,6.13 C4.065,6.26 4.075,6.41 4.165,6.57 L6.105,9.97 L3.045,15.37 C2.985,15.53 2.985,15.69 3.045,15.82 C3.115,15.94 3.245,16 3.415,16 L6.305,16 C6.735,16 6.945,15.72 7.095,15.45 C7.095,15.45 10.085,10.16 10.205,9.95 L8.225,6.5 C8.085,6.24 7.865,5.95 7.415,5.95"
                    fill="currentColor"
                  />
                </svg>
              </a>
              <a
                class="ButtonBase-button-0-1-8"
                href="https://twitter.com/Zeppelin_Group"
                rel="noopener"
                target="_blank"
              >
                <svg
                  aria-labelledby="title"
                  class="Footer-icon-0-1-7"
                  height="32"
                  viewBox="0 0 24 24"
                  width="32"
                  xmlns="http://www.w3.org/2000/svg"
                >
                  <title
                    id="title_twitter"
                  >
                    Twitter Icon
                  </title>
                  <path
                    d="M22.92,6 C22.15,6.35 21.32,6.58 20.46,6.69 C21.34,6.16 22.02,5.32 22.34,4.31 C21.51,4.81 20.59,5.16 19.62,5.36 C18.83,4.5 17.72,4 16.46,4 C14.11,4 12.19,5.92 12.19,8.29 C12.19,8.63 12.23,8.96 12.3,9.27 C8.74,9.09 5.57,7.38 3.46,4.79 C3.09,5.42 2.88,6.16 2.88,6.94 C2.88,8.43 3.63,9.75 4.79,10.5 C4.08,10.5 3.42,10.3 2.84,10 C2.84,10 2.84,10 2.84,10.03 C2.84,12.11 4.32,13.85 6.28,14.24 C5.92,14.34 5.54,14.39 5.15,14.39 C4.88,14.39 4.61,14.36 4.35,14.31 C4.89,16 6.46,17.26 8.35,17.29 C6.89,18.45 5.04,19.13 3.02,19.13 C2.68,19.13 2.34,19.11 2,19.07 C3.9,20.29 6.16,21 8.58,21 C16.46,21 20.79,14.46 20.79,8.79 C20.79,8.6 20.79,8.42 20.78,8.23 C21.62,7.63 22.34,6.87 22.92,6 Z"
                    fill="currentColor"
                  />
                </svg>
              </a>
            </div>
          </div>
        </div>
      </div>
    </footer>
  </div>,
  "debug": [Function],
  "findAllByAltText": [Function],
  "findAllByDisplayValue": [Function],
  "findAllByLabelText": [Function],
  "findAllByPlaceholderText": [Function],
  "findAllByRole": [Function],
  "findAllByTestId": [Function],
  "findAllByText": [Function],
  "findAllByTitle": [Function],
  "findByAltText": [Function],
  "findByDisplayValue": [Function],
  "findByLabelText": [Function],
  "findByPlaceholderText": [Function],
  "findByRole": [Function],
  "findByTestId": [Function],
  "findByText": [Function],
  "findByTitle": [Function],
  "getAllByAltText": [Function],
  "getAllByDisplayValue": [Function],
  "getAllByLabelText": [Function],
  "getAllByPlaceholderText": [Function],
  "getAllByRole": [Function],
  "getAllByTestId": [Function],
  "getAllByText": [Function],
  "getAllByTitle": [Function],
  "getByAltText": [Function],
  "getByDisplayValue": [Function],
  "getByLabelText": [Function],
  "getByPlaceholderText": [Function],
  "getByRole": [Function],
  "getByTestId": [Function],
  "getByText": [Function],
  "getByTitle": [Function],
  "queryAllByAltText": [Function],
  "queryAllByDisplayValue": [Function],
  "queryAllByLabelText": [Function],
  "queryAllByPlaceholderText": [Function],
  "queryAllByRole": [Function],
  "queryAllByTestId": [Function],
  "queryAllByText": [Function],
  "queryAllByTitle": [Function],
  "queryByAltText": [Function],
  "queryByDisplayValue": [Function],
  "queryByLabelText": [Function],
  "queryByPlaceholderText": [Function],
  "queryByRole": [Function],
  "queryByTestId": [Function],
  "queryByText": [Function],
  "queryByTitle": [Function],
  "rerender": [Function],
  "unmount": [Function],
}
`;
