// Jest Snapshot v1, https://goo.gl/fbAQLP

exports[`Typography renders correctly 1`] = `
Object {
  "asFragment": [Function],
  "baseElement": <body>
    <div>
      <div
        class="Typography-root-0-1-1"
      >
        <table
          class="Typography-table-0-1-2"
        >
          <caption
            class="zep-visually-hidden"
          >
            basics typography variations
          </caption>
          <thead
            class="Typography-header-0-1-6"
          >
            <tr
              class="Typography-tr-0-1-4"
            >
              <th
                class="Typography-th-0-1-3 zep-typo--normal-1 Typography-capitalize-0-1-8"
                scope="col"
              >
                specification
              </th>
              <th
                class="Typography-th-0-1-3 zep-typo--normal-1 Typography-lowercase-0-1-7"
                scope="col"
              >
                px
              </th>
              <th
                class="Typography-th-0-1-3 zep-typo--normal-1 Typography-lowercase-0-1-7"
                scope="col"
              >
                rem
              </th>
              <th
                class="Typography-th-0-1-3 zep-typo--normal-1 Typography-capitalize-0-1-8"
                scope="col"
              >
                weight
              </th>
            </tr>
          </thead>
          <tbody
            class="Typography-tbody-0-1-5"
          >
            <tr
              class="Typography-tr-0-1-4"
            >
              <td
                class="Typography-th-0-1-3 Typography-borderBottom-0-1-9 zep-typo--normal-2 Typography-lowercase-0-1-7"
                scope="row"
              >
                font-size-base
              </td>
              <td
                class="Typography-th-0-1-3 Typography-borderBottom-0-1-9 zep-typo--normal-2 Typography-lowercase-0-1-7"
              >
                16px
              </td>
              <td
                class="Typography-th-0-1-3 Typography-borderBottom-0-1-9 zep-typo--normal-2 Typography-lowercase-0-1-7"
              >
                1rem
              </td>
              <td
                class="Typography-th-0-1-3 Typography-borderBottom-0-1-9 zep-typo--normal-2 Typography-lowercase-0-1-7"
              >
                -
              </td>
            </tr>
            <tr
              class="Typography-tr-0-1-4"
            >
              <td
                class="Typography-th-0-1-3 Typography-borderBottom-0-1-9 zep-typo--normal-2 Typography-lowercase-0-1-7"
                scope="row"
              >
                line-height-base
              </td>
              <td
                class="Typography-th-0-1-3 Typography-borderBottom-0-1-9 zep-typo--normal-2 Typography-lowercase-0-1-7"
              >
                24px
              </td>
              <td
                class="Typography-th-0-1-3 Typography-borderBottom-0-1-9 zep-typo--normal-2 Typography-lowercase-0-1-7"
              >
                1.5rem
              </td>
              <td
                class="Typography-th-0-1-3 Typography-borderBottom-0-1-9 zep-typo--normal-2 Typography-lowercase-0-1-7"
              >
                -
              </td>
            </tr>
            <tr
              class="Typography-tr-0-1-4"
            >
              <td
                class="Typography-th-0-1-3 Typography-borderBottom-0-1-9 zep-typo--normal-2 Typography-lowercase-0-1-7"
                scope="row"
              >
                font-weight-base
              </td>
              <td
                class="Typography-th-0-1-3 Typography-borderBottom-0-1-9 zep-typo--normal-2 Typography-lowercase-0-1-7"
              >
                -
              </td>
              <td
                class="Typography-th-0-1-3 Typography-borderBottom-0-1-9 zep-typo--normal-2 Typography-lowercase-0-1-7"
              >
                -
              </td>
              <td
                class="Typography-th-0-1-3 Typography-borderBottom-0-1-9 zep-typo--normal-2 Typography-lowercase-0-1-7"
              >
                400
              </td>
            </tr>
            <tr
              class="Typography-tr-0-1-4"
            >
              <td
                class="Typography-th-0-1-3 Typography-borderBottom-0-1-9 zep-typo--normal-2 Typography-lowercase-0-1-7"
                scope="row"
              >
                font-size-xs
              </td>
              <td
                class="Typography-th-0-1-3 Typography-borderBottom-0-1-9 zep-typo--normal-2 Typography-lowercase-0-1-7"
              >
                12px
              </td>
              <td
                class="Typography-th-0-1-3 Typography-borderBottom-0-1-9 zep-typo--normal-2 Typography-lowercase-0-1-7"
              >
                0.75rem
              </td>
              <td
                class="Typography-th-0-1-3 Typography-borderBottom-0-1-9 zep-typo--normal-2 Typography-lowercase-0-1-7"
              >
                -
              </td>
            </tr>
            <tr
              class="Typography-tr-0-1-4"
            >
              <td
                class="Typography-th-0-1-3 Typography-borderBottom-0-1-9 zep-typo--normal-2 Typography-lowercase-0-1-7"
                scope="row"
              >
                font-size-sm
              </td>
              <td
                class="Typography-th-0-1-3 Typography-borderBottom-0-1-9 zep-typo--normal-2 Typography-lowercase-0-1-7"
              >
                14px
              </td>
              <td
                class="Typography-th-0-1-3 Typography-borderBottom-0-1-9 zep-typo--normal-2 Typography-lowercase-0-1-7"
              >
                0.875rem
              </td>
              <td
                class="Typography-th-0-1-3 Typography-borderBottom-0-1-9 zep-typo--normal-2 Typography-lowercase-0-1-7"
              >
                -
              </td>
            </tr>
            <tr
              class="Typography-tr-0-1-4"
            >
              <td
                class="Typography-th-0-1-3 Typography-borderBottom-0-1-9 zep-typo--normal-2 Typography-lowercase-0-1-7"
                scope="row"
              >
                font-size-lg
              </td>
              <td
                class="Typography-th-0-1-3 Typography-borderBottom-0-1-9 zep-typo--normal-2 Typography-lowercase-0-1-7"
              >
                20px
              </td>
              <td
                class="Typography-th-0-1-3 Typography-borderBottom-0-1-9 zep-typo--normal-2 Typography-lowercase-0-1-7"
              >
                1.25rem
              </td>
              <td
                class="Typography-th-0-1-3 Typography-borderBottom-0-1-9 zep-typo--normal-2 Typography-lowercase-0-1-7"
              >
                -
              </td>
            </tr>
          </tbody>
        </table>
      </div>
    </div>
  </body>,
  "container": <div>
    <div
      class="Typography-root-0-1-1"
    >
      <table
        class="Typography-table-0-1-2"
      >
        <caption
          class="zep-visually-hidden"
        >
          basics typography variations
        </caption>
        <thead
          class="Typography-header-0-1-6"
        >
          <tr
            class="Typography-tr-0-1-4"
          >
            <th
              class="Typography-th-0-1-3 zep-typo--normal-1 Typography-capitalize-0-1-8"
              scope="col"
            >
              specification
            </th>
            <th
              class="Typography-th-0-1-3 zep-typo--normal-1 Typography-lowercase-0-1-7"
              scope="col"
            >
              px
            </th>
            <th
              class="Typography-th-0-1-3 zep-typo--normal-1 Typography-lowercase-0-1-7"
              scope="col"
            >
              rem
            </th>
            <th
              class="Typography-th-0-1-3 zep-typo--normal-1 Typography-capitalize-0-1-8"
              scope="col"
            >
              weight
            </th>
          </tr>
        </thead>
        <tbody
          class="Typography-tbody-0-1-5"
        >
          <tr
            class="Typography-tr-0-1-4"
          >
            <td
              class="Typography-th-0-1-3 Typography-borderBottom-0-1-9 zep-typo--normal-2 Typography-lowercase-0-1-7"
              scope="row"
            >
              font-size-base
            </td>
            <td
              class="Typography-th-0-1-3 Typography-borderBottom-0-1-9 zep-typo--normal-2 Typography-lowercase-0-1-7"
            >
              16px
            </td>
            <td
              class="Typography-th-0-1-3 Typography-borderBottom-0-1-9 zep-typo--normal-2 Typography-lowercase-0-1-7"
            >
              1rem
            </td>
            <td
              class="Typography-th-0-1-3 Typography-borderBottom-0-1-9 zep-typo--normal-2 Typography-lowercase-0-1-7"
            >
              -
            </td>
          </tr>
          <tr
            class="Typography-tr-0-1-4"
          >
            <td
              class="Typography-th-0-1-3 Typography-borderBottom-0-1-9 zep-typo--normal-2 Typography-lowercase-0-1-7"
              scope="row"
            >
              line-height-base
            </td>
            <td
              class="Typography-th-0-1-3 Typography-borderBottom-0-1-9 zep-typo--normal-2 Typography-lowercase-0-1-7"
            >
              24px
            </td>
            <td
              class="Typography-th-0-1-3 Typography-borderBottom-0-1-9 zep-typo--normal-2 Typography-lowercase-0-1-7"
            >
              1.5rem
            </td>
            <td
              class="Typography-th-0-1-3 Typography-borderBottom-0-1-9 zep-typo--normal-2 Typography-lowercase-0-1-7"
            >
              -
            </td>
          </tr>
          <tr
            class="Typography-tr-0-1-4"
          >
            <td
              class="Typography-th-0-1-3 Typography-borderBottom-0-1-9 zep-typo--normal-2 Typography-lowercase-0-1-7"
              scope="row"
            >
              font-weight-base
            </td>
            <td
              class="Typography-th-0-1-3 Typography-borderBottom-0-1-9 zep-typo--normal-2 Typography-lowercase-0-1-7"
            >
              -
            </td>
            <td
              class="Typography-th-0-1-3 Typography-borderBottom-0-1-9 zep-typo--normal-2 Typography-lowercase-0-1-7"
            >
              -
            </td>
            <td
              class="Typography-th-0-1-3 Typography-borderBottom-0-1-9 zep-typo--normal-2 Typography-lowercase-0-1-7"
            >
              400
            </td>
          </tr>
          <tr
            class="Typography-tr-0-1-4"
          >
            <td
              class="Typography-th-0-1-3 Typography-borderBottom-0-1-9 zep-typo--normal-2 Typography-lowercase-0-1-7"
              scope="row"
            >
              font-size-xs
            </td>
            <td
              class="Typography-th-0-1-3 Typography-borderBottom-0-1-9 zep-typo--normal-2 Typography-lowercase-0-1-7"
            >
              12px
            </td>
            <td
              class="Typography-th-0-1-3 Typography-borderBottom-0-1-9 zep-typo--normal-2 Typography-lowercase-0-1-7"
            >
              0.75rem
            </td>
            <td
              class="Typography-th-0-1-3 Typography-borderBottom-0-1-9 zep-typo--normal-2 Typography-lowercase-0-1-7"
            >
              -
            </td>
          </tr>
          <tr
            class="Typography-tr-0-1-4"
          >
            <td
              class="Typography-th-0-1-3 Typography-borderBottom-0-1-9 zep-typo--normal-2 Typography-lowercase-0-1-7"
              scope="row"
            >
              font-size-sm
            </td>
            <td
              class="Typography-th-0-1-3 Typography-borderBottom-0-1-9 zep-typo--normal-2 Typography-lowercase-0-1-7"
            >
              14px
            </td>
            <td
              class="Typography-th-0-1-3 Typography-borderBottom-0-1-9 zep-typo--normal-2 Typography-lowercase-0-1-7"
            >
              0.875rem
            </td>
            <td
              class="Typography-th-0-1-3 Typography-borderBottom-0-1-9 zep-typo--normal-2 Typography-lowercase-0-1-7"
            >
              -
            </td>
          </tr>
          <tr
            class="Typography-tr-0-1-4"
          >
            <td
              class="Typography-th-0-1-3 Typography-borderBottom-0-1-9 zep-typo--normal-2 Typography-lowercase-0-1-7"
              scope="row"
            >
              font-size-lg
            </td>
            <td
              class="Typography-th-0-1-3 Typography-borderBottom-0-1-9 zep-typo--normal-2 Typography-lowercase-0-1-7"
            >
              20px
            </td>
            <td
              class="Typography-th-0-1-3 Typography-borderBottom-0-1-9 zep-typo--normal-2 Typography-lowercase-0-1-7"
            >
              1.25rem
            </td>
            <td
              class="Typography-th-0-1-3 Typography-borderBottom-0-1-9 zep-typo--normal-2 Typography-lowercase-0-1-7"
            >
              -
            </td>
          </tr>
        </tbody>
      </table>
    </div>
  </div>,
  "debug": [Function],
  "findAllByAltText": [Function],
  "findAllByDisplayValue": [Function],
  "findAllByLabelText": [Function],
  "findAllByPlaceholderText": [Function],
  "findAllByRole": [Function],
  "findAllByTestId": [Function],
  "findAllByText": [Function],
  "findAllByTitle": [Function],
  "findByAltText": [Function],
  "findByDisplayValue": [Function],
  "findByLabelText": [Function],
  "findByPlaceholderText": [Function],
  "findByRole": [Function],
  "findByTestId": [Function],
  "findByText": [Function],
  "findByTitle": [Function],
  "getAllByAltText": [Function],
  "getAllByDisplayValue": [Function],
  "getAllByLabelText": [Function],
  "getAllByPlaceholderText": [Function],
  "getAllByRole": [Function],
  "getAllBySelectText": [Function],
  "getAllByTestId": [Function],
  "getAllByText": [Function],
  "getAllByTitle": [Function],
  "getAllByValue": [Function],
  "getByAltText": [Function],
  "getByDisplayValue": [Function],
  "getByLabelText": [Function],
  "getByPlaceholderText": [Function],
  "getByRole": [Function],
  "getBySelectText": [Function],
  "getByTestId": [Function],
  "getByText": [Function],
  "getByTitle": [Function],
  "getByValue": [Function],
  "queryAllByAltText": [Function],
  "queryAllByDisplayValue": [Function],
  "queryAllByLabelText": [Function],
  "queryAllByPlaceholderText": [Function],
  "queryAllByRole": [Function],
  "queryAllBySelectText": [Function],
  "queryAllByTestId": [Function],
  "queryAllByText": [Function],
  "queryAllByTitle": [Function],
  "queryAllByValue": [Function],
  "queryByAltText": [Function],
  "queryByDisplayValue": [Function],
  "queryByLabelText": [Function],
  "queryByPlaceholderText": [Function],
  "queryByRole": [Function],
  "queryBySelectText": [Function],
  "queryByTestId": [Function],
  "queryByText": [Function],
  "queryByTitle": [Function],
  "queryByValue": [Function],
  "rerender": [Function],
  "unmount": [Function],
}
`;
