// Jest Snapshot v1, https://goo.gl/fbAQLP

exports[`Dropdown renders correctly 1`] = `
Object {
  "asFragment": [Function],
  "baseElement": <body>
    <div>
      <button
        aria-expanded="false"
        aria-haspopup="menu"
        class="Dropdown-menuButton-0-1-6 zep-button zep-input"
        data-reach-menu-button="true"
        id="button-k6267sjc"
        type="button"
      >
        <span
          class="Dropdown-circle-0-1-1 Dropdown-zeppelin-0-1-3"
        />
        <i
          aria-hidden="true"
          class="Dropdown-icon-0-1-7 zepicons zepicons-navigation-dropdown"
        />
      </button>
    </div>
  </body>,
  "container": <div>
    <button
      aria-expanded="false"
      aria-haspopup="menu"
      class="Dropdown-menuButton-0-1-6 zep-button zep-input"
      data-reach-menu-button="true"
      id="button-k6267sjc"
      type="button"
    >
      <span
        class="Dropdown-circle-0-1-1 Dropdown-zeppelin-0-1-3"
      />
      <i
        aria-hidden="true"
        class="Dropdown-icon-0-1-7 zepicons zepicons-navigation-dropdown"
      />
    </button>
  </div>,
  "debug": [Function],
  "findAllByAltText": [Function],
  "findAllByDisplayValue": [Function],
  "findAllByLabelText": [Function],
  "findAllByPlaceholderText": [Function],
  "findAllByRole": [Function],
  "findAllByTestId": [Function],
  "findAllByText": [Function],
  "findAllByTitle": [Function],
  "findByAltText": [Function],
  "findByDisplayValue": [Function],
  "findByLabelText": [Function],
  "findByPlaceholderText": [Function],
  "findByRole": [Function],
  "findByTestId": [Function],
  "findByText": [Function],
  "findByTitle": [Function],
  "getAllByAltText": [Function],
  "getAllByDisplayValue": [Function],
  "getAllByLabelText": [Function],
  "getAllByPlaceholderText": [Function],
  "getAllByRole": [Function],
  "getAllByTestId": [Function],
  "getAllByText": [Function],
  "getAllByTitle": [Function],
  "getByAltText": [Function],
  "getByDisplayValue": [Function],
  "getByLabelText": [Function],
  "getByPlaceholderText": [Function],
  "getByRole": [Function],
  "getByTestId": [Function],
  "getByText": [Function],
  "getByTitle": [Function],
  "queryAllByAltText": [Function],
  "queryAllByDisplayValue": [Function],
  "queryAllByLabelText": [Function],
  "queryAllByPlaceholderText": [Function],
  "queryAllByRole": [Function],
  "queryAllByTestId": [Function],
  "queryAllByText": [Function],
  "queryAllByTitle": [Function],
  "queryByAltText": [Function],
  "queryByDisplayValue": [Function],
  "queryByLabelText": [Function],
  "queryByPlaceholderText": [Function],
  "queryByRole": [Function],
  "queryByTestId": [Function],
  "queryByText": [Function],
  "queryByTitle": [Function],
  "rerender": [Function],
  "unmount": [Function],
}
`;
